Archive member included to satisfy reference by file (symbol)

app/libapp.a(main.c.obj)      (--whole-archive)
app/libapp.a(my_gpio.c.obj)   (--whole-archive)
zephyr/libzephyr.a(cbprintf_packaged.c.obj)
                              (--whole-archive)
zephyr/libzephyr.a(dec.c.obj)
                              (--whole-archive)
zephyr/libzephyr.a(fdtable.c.obj)
                              (--whole-archive)
zephyr/libzephyr.a(hex.c.obj)
                              (--whole-archive)
zephyr/libzephyr.a(printk.c.obj)
                              (--whole-archive)
zephyr/libzephyr.a(rb.c.obj)  (--whole-archive)
zephyr/libzephyr.a(sem.c.obj)
                              (--whole-archive)
zephyr/libzephyr.a(thread_entry.c.obj)
                              (--whole-archive)
zephyr/libzephyr.a(timeutil.c.obj)
                              (--whole-archive)
zephyr/libzephyr.a(heap.c.obj)
                              (--whole-archive)
zephyr/libzephyr.a(heap-validate.c.obj)
                              (--whole-archive)
zephyr/libzephyr.a(bitarray.c.obj)
                              (--whole-archive)
zephyr/libzephyr.a(multi_heap.c.obj)
                              (--whole-archive)
zephyr/libzephyr.a(onoff.c.obj)
                              (--whole-archive)
zephyr/libzephyr.a(notify.c.obj)
                              (--whole-archive)
zephyr/libzephyr.a(crc32c_sw.c.obj)
                              (--whole-archive)
zephyr/libzephyr.a(crc32_sw.c.obj)
                              (--whole-archive)
zephyr/libzephyr.a(crc16_sw.c.obj)
                              (--whole-archive)
zephyr/libzephyr.a(crc8_sw.c.obj)
                              (--whole-archive)
zephyr/libzephyr.a(crc7_sw.c.obj)
                              (--whole-archive)
zephyr/libzephyr.a(cbprintf_complete.c.obj)
                              (--whole-archive)
zephyr/libzephyr.a(cbprintf.c.obj)
                              (--whole-archive)
zephyr/libzephyr.a(assert.c.obj)
                              (--whole-archive)
zephyr/libzephyr.a(mpsc_pbuf.c.obj)
                              (--whole-archive)
zephyr/libzephyr.a(reboot.c.obj)
                              (--whole-archive)
zephyr/libzephyr.a(configs.c.obj)
                              (--whole-archive)
zephyr/libzephyr.a(soc_nrf_common.S.obj)
                              (--whole-archive)
zephyr/libzephyr.a(validate_base_addresses.c.obj)
                              (--whole-archive)
zephyr/libzephyr.a(validate_enabled_instances.c.obj)
                              (--whole-archive)
zephyr/libzephyr.a(log_core.c.obj)
                              (--whole-archive)
zephyr/libzephyr.a(log_mgmt.c.obj)
                              (--whole-archive)
zephyr/libzephyr.a(log_cache.c.obj)
                              (--whole-archive)
zephyr/libzephyr.a(log_msg.c.obj)
                              (--whole-archive)
zephyr/libzephyr.a(log_output.c.obj)
                              (--whole-archive)
zephyr/libzephyr.a(log_backend_rtt.c.obj)
                              (--whole-archive)
zephyr/libzephyr.a(log_backend_uart.c.obj)
                              (--whole-archive)
zephyr/libzephyr.a(pm.c.obj)  (--whole-archive)
zephyr/libzephyr.a(policy.c.obj)
                              (--whole-archive)
zephyr/libzephyr.a(state.c.obj)
                              (--whole-archive)
zephyr/libzephyr.a(tracing_none.c.obj)
                              (--whole-archive)
zephyr/arch/common/libarch__common.a(sw_isr_common.c.obj)
                              (--whole-archive)
zephyr/arch/arch/arm/core/aarch32/libarch__arm__core__aarch32.a(cpu_idle.S.obj)
                              (--whole-archive)
zephyr/arch/arch/arm/core/aarch32/libarch__arm__core__aarch32.a(fatal.c.obj)
                              (--whole-archive)
zephyr/arch/arch/arm/core/aarch32/libarch__arm__core__aarch32.a(irq_manage.c.obj)
                              (--whole-archive)
zephyr/arch/arch/arm/core/aarch32/libarch__arm__core__aarch32.a(nmi.c.obj)
                              (--whole-archive)
zephyr/arch/arch/arm/core/aarch32/libarch__arm__core__aarch32.a(nmi_on_reset.S.obj)
                              (--whole-archive)
zephyr/arch/arch/arm/core/aarch32/libarch__arm__core__aarch32.a(prep_c.c.obj)
                              (--whole-archive)
zephyr/arch/arch/arm/core/aarch32/libarch__arm__core__aarch32.a(swap.c.obj)
                              (--whole-archive)
zephyr/arch/arch/arm/core/aarch32/libarch__arm__core__aarch32.a(swap_helper.S.obj)
                              (--whole-archive)
zephyr/arch/arch/arm/core/aarch32/libarch__arm__core__aarch32.a(thread.c.obj)
                              (--whole-archive)
zephyr/arch/arch/arm/core/aarch32/libarch__arm__core__aarch32.a(isr_wrapper.S.obj)
                              (--whole-archive)
zephyr/arch/arch/arm/core/aarch32/cortex_m/libarch__arm__core__aarch32__cortex_m.a(exc_exit.S.obj)
                              (--whole-archive)
[...]
Memory Configuration

Name             Origin             Length             Attributes
FLASH            0x0000000000000000 0x0000000000080000 xr
RAM              0x0000000020000000 0x0000000000010000 xw
IDT_LIST         0x00000000fffff7ff 0x0000000000000800 xw
*default*        0x0000000000000000 0xffffffffffffffff

Linker script and memory map

LOAD zephyr/CMakeFiles/zephyr_final.dir/misc/empty_file.c.obj
LOAD zephyr/CMakeFiles/zephyr_final.dir/dev_handles.c.obj
LOAD zephyr/CMakeFiles/zephyr_final.dir/isr_tables.c.obj
                0x0000000000000020                _region_min_align = 0x20

.rel.plt        0x0000000000000000        0x0
 *(SORT_BY_ALIGNMENT(.rel.plt))
                [!provide]                        PROVIDE (__rel_iplt_start = .)
 *(SORT_BY_ALIGNMENT(.rel.iplt))
 .rel.iplt      0x0000000000000000        0x0 zephyr/CMakeFiles/zephyr_final.dir/isr_tables.c.obj
                [!provide]                        PROVIDE (__rel_iplt_end = .)

.rela.plt       0x0000000000000000        0x0
 *(SORT_BY_ALIGNMENT(.rela.plt))
                [!provide]                        PROVIDE (__rela_iplt_start = .)
 *(SORT_BY_ALIGNMENT(.rela.iplt))
                [!provide]                        PROVIDE (__rela_iplt_end = .)

.rel.dyn
 *(SORT_BY_ALIGNMENT(.rel.*))

.rela.dyn
 *(SORT_BY_ALIGNMENT(.rela.*))

/DISCARD/
 *(SORT_BY_ALIGNMENT(.plt))

/DISCARD/
 *(SORT_BY_ALIGNMENT(.iplt))
                0x0000000000000000                __rom_region_start = 0x0

rom_start       0x0000000000000000       0xdc
                0x0000000000000000                . = 0x0
                0x0000000000000000                . = ALIGN (0x4)
                0x0000000000000000                . = ALIGN (0x80)
                0x0000000000000000                . = ALIGN (0x100)
                0x0000000000000000                _vector_start = .
 *(SORT_BY_ALIGNMENT(.exc_vector_table))
 *(SORT_BY_ALIGNMENT(.exc_vector_table.*))
 .exc_vector_table._vector_table_section
                0x0000000000000000       0x40 zephyr/arch/arch/arm/core/aarch32/cortex_m/libarch__arm__core__aarch32__cortex_m.a(vector_table.S.obj)
                0x0000000000000000                _vector_table
 *(SORT_BY_ALIGNMENT(.vectors))
                0x00000000000000dc                _vector_end = .
                0x0000000000000040                . = ALIGN (0x4)
 *(SORT_BY_ALIGNMENT(.gnu.linkonce.irq_vector_table*))
 .gnu.linkonce.irq_vector_table
                0x0000000000000040       0x9c zephyr/CMakeFiles/zephyr_final.dir/isr_tables.c.obj
                0x0000000000000040                _irq_vector_table
                0x00000000000000dc                _vector_end = .

text            0x00000000000000dc     0x75c0
                0x00000000000000dc                __text_region_start = .
 *(SORT_BY_ALIGNMENT(.text))
 .text          0x00000000000000dc       0x30 c:/ncs/toolchains/31f4403e35/opt/zephyr-sdk/arm-zephyr-eabi/bin/../lib/gcc/arm-zephyr-eabi/12.2.0/thumb/v7e-m/nofp\libgcc.a(_aeabi_uldivmod.o)
                0x00000000000000dc                __aeabi_uldivmod
 .text          0x000000000000010c        0x4 c:/ncs/toolchains/31f4403e35/opt/zephyr-sdk/arm-zephyr-eabi/bin/../lib/gcc/arm-zephyr-eabi/12.2.0/thumb/v7e-m/nofp\libgcc.a(_dvmd_tls.o)
                0x000000000000010c                __aeabi_idiv0
                0x000000000000010c                __aeabi_ldiv0
 .text          0x0000000000000110      0x2a0 c:/ncs/toolchains/31f4403e35/opt/zephyr-sdk/arm-zephyr-eabi/bin/../lib/gcc/arm-zephyr-eabi/12.2.0/thumb/v7e-m/nofp\libgcc.a(_udivmoddi4.o)
                0x0000000000000110                __udivmoddi4
 *(SORT_BY_ALIGNMENT(.text.*))
 .text.uart_cb  0x00000000000003b0       0xa0 app/libapp.a(main.c.obj)
 .text.main     0x0000000000000450       0x48 app/libapp.a(main.c.obj)
                0x0000000000000450                main
 .text.cbvprintf_package
                0x0000000000000498      0x3ac zephyr/libzephyr.a(cbprintf_packaged.c.obj)
                0x0000000000000498                cbvprintf_package
 .text.cbprintf_package_convert
                0x0000000000000844      0x3bc zephyr/libzephyr.a(cbprintf_packaged.c.obj)
                0x0000000000000844                cbprintf_package_convert
 .text.__printk_hook_install
                0x0000000000000c00        0xc zephyr/libzephyr.a(printk.c.obj)
                0x0000000000000c00                __printk_hook_install
 .text.vsnprintk
                0x0000000000000c0c       0x2c zephyr/libzephyr.a(printk.c.obj)
                0x0000000000000c0c                vsnprintk
 .text.process_event
                0x0000000000000c38      0x21c zephyr/libzephyr.a(onoff.c.obj)
 .text.z_cbvprintf_impl
                0x0000000000000e54      0x764 zephyr/libzephyr.a(cbprintf_complete.c.obj)
                0x0000000000000e54                z_cbvprintf_impl
 .text.z_arm_platform_init
                0x00000000000015b8        0x4 zephyr/libzephyr.a(soc_nrf_common.S.obj)
                0x00000000000015b8                z_arm_platform_init
 .text.activate_foreach_backend
                0x00000000000015bc       0x64 zephyr/libzephyr.a(log_core.c.obj)
 .text.enable_logger
                0x0000000000001620       0x5c zephyr/libzephyr.a(log_core.c.obj)
 .text.log_process_thread_timer_expiry_fn
                0x000000000000167c        0xc zephyr/libzephyr.a(log_core.c.obj)
 .text.z_log_init
                0x0000000000001688       0x90 zephyr/libzephyr.a(log_core.c.obj)
 .text.log_format_func_t_get
                0x0000000000001718        0xc zephyr/libzephyr.a(log_core.c.obj)
                0x0000000000001718                log_format_func_t_get
 .text.log_set_timestamp_func
                0x0000000000001724       0x20 zephyr/libzephyr.a(log_core.c.obj)
                0x0000000000001724                log_set_timestamp_func
 .text.z_log_notify_backend_enabled
                0x0000000000001744       0x1c zephyr/libzephyr.a(log_core.c.obj)
                0x0000000000001744                z_log_notify_backend_enabled
 .text.z_log_dropped
                0x0000000000001760       0x30 zephyr/libzephyr.a(log_core.c.obj)
                0x0000000000001760                z_log_dropped
 .text.z_log_dropped_read_and_clear
                0x0000000000001790       0x20 zephyr/libzephyr.a(log_core.c.obj)
                0x0000000000001790                z_log_dropped_read_and_clear
 .text.dropped_notify
                0x00000000000017b0       0x30 zephyr/libzephyr.a(log_core.c.obj)
                0x00000000000017b0                dropped_notify
 .text.z_log_msg_init
                0x00000000000017e0       0x20 zephyr/libzephyr.a(log_core.c.obj)
                0x00000000000017e0                z_log_msg_init
 .text.log_core_init
                0x0000000000001800       0x34 zephyr/libzephyr.a(log_core.c.obj)
                0x0000000000001800                log_core_init
 .text.z_log_msg_alloc
                0x0000000000001834       0x10 zephyr/libzephyr.a(log_core.c.obj)
                0x0000000000001834                z_log_msg_alloc
 .text.z_log_msg_local_claim
                0x0000000000001844        0xc zephyr/libzephyr.a(log_core.c.obj)
                0x0000000000001844                z_log_msg_local_claim
 .text.z_log_msg_free
                0x0000000000001850       0x10 zephyr/libzephyr.a(log_core.c.obj)
                0x0000000000001850                z_log_msg_free
 .text.z_log_msg_pending
                0x0000000000001860        0xc zephyr/libzephyr.a(log_core.c.obj)
                0x0000000000001860                z_log_msg_pending
 .text.z_impl_log_process
                0x000000000000186c       0xbc zephyr/libzephyr.a(log_core.c.obj)
                0x000000000000186c                z_impl_log_process
 .text.z_impl_log_panic
                0x0000000000001928       0x44 zephyr/libzephyr.a(log_core.c.obj)
                0x0000000000001928                z_impl_log_panic
 .text.log_process_thread_func
                0x000000000000196c       0x9c zephyr/libzephyr.a(log_core.c.obj)
 .text.z_log_msg_post_finalize
                0x0000000000001a08       0x78 zephyr/libzephyr.a(log_core.c.obj)
 .text.z_log_msg_commit
                0x0000000000001a80       0x24 zephyr/libzephyr.a(log_core.c.obj)
                0x0000000000001a80                z_log_msg_commit
 .text.log_source_name_get
                0x0000000000001aa4       0x1c zephyr/libzephyr.a(log_mgmt.c.obj)
                0x0000000000001aa4                log_source_name_get
 .text.log_backend_enable
                0x0000000000001ac0       0x28 zephyr/libzephyr.a(log_mgmt.c.obj)
                0x0000000000001ac0                log_backend_enable
 .text.z_impl_z_log_msg_static_create
                0x0000000000001ae8      0x108 zephyr/libzephyr.a(log_msg.c.obj)
                0x0000000000001ae8                z_impl_z_log_msg_static_create
 .text.z_impl_z_log_msg_runtime_vcreate
                0x0000000000001bf0       0x8c zephyr/libzephyr.a(log_msg.c.obj)
                0x0000000000001bf0                z_impl_z_log_msg_runtime_vcreate
 .text.print_formatted
                0x0000000000001c7c       0x24 zephyr/libzephyr.a(log_output.c.obj)
 .text.newline_print
                0x0000000000001ca0       0x1c zephyr/libzephyr.a(log_output.c.obj)
 .text.log_output_process
                0x0000000000001cbc      0x2a4 zephyr/libzephyr.a(log_output.c.obj)
                0x0000000000001cbc                log_output_process
 .text.log_output_msg_process
                0x0000000000001f60       0x6c zephyr/libzephyr.a(log_output.c.obj)
                0x0000000000001f60                log_output_msg_process
 .text.log_output_dropped_process
                0x0000000000001fcc       0x58 zephyr/libzephyr.a(log_output.c.obj)
                0x0000000000001fcc                log_output_dropped_process
 .text.log_output_timestamp_freq_set
                0x0000000000002024       0x2c zephyr/libzephyr.a(log_output.c.obj)
                0x0000000000002024                log_output_timestamp_freq_set
 .text.log_backend_rtt_init
                0x0000000000002050        0xc zephyr/libzephyr.a(log_backend_rtt.c.obj)
 .text.format_set
                0x000000000000205c        0xc zephyr/libzephyr.a(log_backend_rtt.c.obj)
 .text.panic    0x0000000000002068       0x14 zephyr/libzephyr.a(log_backend_rtt.c.obj)
 .text.dropped  0x000000000000207c        0xc zephyr/libzephyr.a(log_backend_rtt.c.obj)
 .text.process  0x0000000000002088       0x24 zephyr/libzephyr.a(log_backend_rtt.c.obj)
 .text.on_failed_write
                0x00000000000020ac       0x28 zephyr/libzephyr.a(log_backend_rtt.c.obj)
 .text.data_out_block_mode
                0x00000000000020d4       0x84 zephyr/libzephyr.a(log_backend_rtt.c.obj)
 .text.format_set
                0x0000000000002158        0xc zephyr/libzephyr.a(log_backend_uart.c.obj)
 .text.panic    0x0000000000002164       0x14 zephyr/libzephyr.a(log_backend_uart.c.obj)
 .text.dropped  0x0000000000002178        0xc zephyr/libzephyr.a(log_backend_uart.c.obj)
 .text.process  0x0000000000002184       0x24 zephyr/libzephyr.a(log_backend_uart.c.obj)
 .text.char_out
                0x00000000000021a8       0x24 zephyr/libzephyr.a(log_backend_uart.c.obj)
 .text.pm_state_notify
                0x00000000000021cc       0x5c zephyr/libzephyr.a(pm.c.obj)
 .text.pm_system_resume
                0x0000000000002228       0x78 zephyr/libzephyr.a(pm.c.obj)
                0x0000000000002228                pm_system_resume
 .text.pm_system_suspend
                0x00000000000022a0       0xf8 zephyr/libzephyr.a(pm.c.obj)
                0x00000000000022a0                pm_system_suspend
 .text.pm_policy_next_state
                0x0000000000002398       0x94 zephyr/libzephyr.a(policy.c.obj)
                0x0000000000002398                pm_policy_next_state
 .text.pm_state_cpu_get_all
                0x000000000000242c       0x10 zephyr/libzephyr.a(state.c.obj)
                0x000000000000242c                pm_state_cpu_get_all
 .text.z_arm_cpu_idle_init
                0x000000000000243c        0xc zephyr/arch/arch/arm/core/aarch32/libarch__arm__core__aarch32.a(cpu_idle.S.obj)
                0x000000000000243c                z_arm_cpu_idle_init
 .text.arch_cpu_idle
                0x0000000000002448       0x1c zephyr/arch/arch/arm/core/aarch32/libarch__arm__core__aarch32.a(cpu_idle.S.obj)
                0x0000000000002448                arch_cpu_idle
 .text.arch_cpu_atomic_idle
                0x0000000000002464       0x18 zephyr/arch/arch/arm/core/aarch32/libarch__arm__core__aarch32.a(cpu_idle.S.obj)
                0x0000000000002464                arch_cpu_atomic_idle
 .text.z_arm_fatal_error
                0x000000000000247c       0xcc zephyr/arch/arch/arm/core/aarch32/libarch__arm__core__aarch32.a(fatal.c.obj)
                0x000000000000247c                z_arm_fatal_error
 .text.arch_irq_enable
                0x0000000000002548       0x1c zephyr/arch/arch/arm/core/aarch32/libarch__arm__core__aarch32.a(irq_manage.c.obj)
                0x0000000000002548                arch_irq_enable
 .text.arch_irq_is_enabled
                0x0000000000002564       0x1c zephyr/arch/arch/arm/core/aarch32/libarch__arm__core__aarch32.a(irq_manage.c.obj)
                0x0000000000002564                arch_irq_is_enabled
 .text.z_arm_irq_priority_set
                0x0000000000002580       0x30 zephyr/arch/arch/arm/core/aarch32/libarch__arm__core__aarch32.a(irq_manage.c.obj)
                0x0000000000002580                z_arm_irq_priority_set
 .text.z_SysNmiOnReset
                0x00000000000025b0        0x8 zephyr/arch/arch/arm/core/aarch32/libarch__arm__core__aarch32.a(nmi_on_reset.S.obj)
                0x00000000000025b0                z_SysNmiOnReset
 .text.z_arm_prep_c
                0x00000000000025b8       0x38 zephyr/arch/arch/arm/core/aarch32/libarch__arm__core__aarch32.a(prep_c.c.obj)
                0x00000000000025b8                z_arm_prep_c
 .text.arch_swap
                0x00000000000025f0       0x34 zephyr/arch/arch/arm/core/aarch32/libarch__arm__core__aarch32.a(swap.c.obj)
                0x00000000000025f0                arch_swap
 .text.z_arm_pendsv
                0x0000000000002624       0x54 zephyr/arch/arch/arm/core/aarch32/libarch__arm__core__aarch32.a(swap_helper.S.obj)
                0x0000000000002624                z_arm_pendsv
 .text.z_arm_svc
                0x0000000000002678       0x20 zephyr/arch/arch/arm/core/aarch32/libarch__arm__core__aarch32.a(swap_helper.S.obj)
                0x0000000000002678                z_arm_svc
 .text.arch_new_thread
                0x0000000000002698       0x38 zephyr/arch/arch/arm/core/aarch32/libarch__arm__core__aarch32.a(thread.c.obj)
                0x0000000000002698                arch_new_thread
 .text.z_check_thread_stack_fail
                0x00000000000026d0       0x2c zephyr/arch/arch/arm/core/aarch32/libarch__arm__core__aarch32.a(thread.c.obj)
                0x00000000000026d0                z_check_thread_stack_fail
 .text.arch_switch_to_main_thread
                0x00000000000026fc       0x2c zephyr/arch/arch/arm/core/aarch32/libarch__arm__core__aarch32.a(thread.c.obj)
                0x00000000000026fc                arch_switch_to_main_thread
 .text._isr_wrapper
                0x0000000000002728       0x40 zephyr/arch/arch/arm/core/aarch32/libarch__arm__core__aarch32.a(isr_wrapper.S.obj)
                0x0000000000002728                _isr_wrapper
 .text._HandlerModeExit
                0x0000000000002768       0x1c zephyr/arch/arch/arm/core/aarch32/cortex_m/libarch__arm__core__aarch32__cortex_m.a(exc_exit.S.obj)
                0x0000000000002768                z_arm_int_exit
                0x0000000000002768                z_arm_exc_exit
 .text.bus_fault.constprop.0
                0x0000000000002784      0x154 zephyr/arch/arch/arm/core/aarch32/cortex_m/libarch__arm__core__aarch32__cortex_m.a(fault.c.obj)
 .text.usage_fault.constprop.0
                0x00000000000028d8      0x104 zephyr/arch/arch/arm/core/aarch32/cortex_m/libarch__arm__core__aarch32__cortex_m.a(fault.c.obj)
 .text.mem_manage_fault
                0x00000000000029dc      0x178 zephyr/arch/arch/arm/core/aarch32/cortex_m/libarch__arm__core__aarch32__cortex_m.a(fault.c.obj)
 .text.z_arm_fault
                0x0000000000002b54      0x218 zephyr/arch/arch/arm/core/aarch32/cortex_m/libarch__arm__core__aarch32__cortex_m.a(fault.c.obj)
                0x0000000000002b54                z_arm_fault
 .text.z_arm_fault_init
                0x0000000000002d6c       0x10 zephyr/arch/arch/arm/core/aarch32/cortex_m/libarch__arm__core__aarch32__cortex_m.a(fault.c.obj)
                0x0000000000002d6c                z_arm_fault_init
 .text.__fault  0x0000000000002d7c       0x14 zephyr/arch/arch/arm/core/aarch32/cortex_m/libarch__arm__core__aarch32__cortex_m.a(fault_s.S.obj)
                0x0000000000002d7c                z_arm_usage_fault
                0x0000000000002d7c                z_arm_mpu_fault
                0x0000000000002d7c                z_arm_exc_spurious
                0x0000000000002d7c                z_arm_debug_monitor
                0x0000000000002d7c                z_arm_hard_fault
                0x0000000000002d7c                z_arm_bus_fault
 .text.z_arm_interrupt_init
                0x0000000000002d90       0x18 zephyr/arch/arch/arm/core/aarch32/cortex_m/libarch__arm__core__aarch32__cortex_m.a(irq_init.c.obj)
                0x0000000000002d90                z_arm_interrupt_init
 .text._reset_section
                0x0000000000002da8       0x54 zephyr/arch/arch/arm/core/aarch32/cortex_m/libarch__arm__core__aarch32__cortex_m.a(reset.S.obj)
                0x0000000000002da8                __start
                0x0000000000002da8                z_arm_reset
 .text.z_arm_clear_arm_mpu_config
                0x0000000000002dfc       0x24 zephyr/arch/arch/arm/core/aarch32/cortex_m/libarch__arm__core__aarch32__cortex_m.a(scb.c.obj)
                0x0000000000002dfc                z_arm_clear_arm_mpu_config
 .text.z_arm_init_arch_hw_at_boot
                0x0000000000002e20       0x64 zephyr/arch/arch/arm/core/aarch32/cortex_m/libarch__arm__core__aarch32__cortex_m.a(scb.c.obj)
                0x0000000000002e20                z_arm_init_arch_hw_at_boot
 .text.z_impl_k_thread_abort
                0x0000000000002e84       0x2c zephyr/arch/arch/arm/core/aarch32/cortex_m/libarch__arm__core__aarch32__cortex_m.a(thread_abort.c.obj)
                0x0000000000002e84                z_impl_k_thread_abort
 .text.z_arm_configure_static_mpu_regions
                0x0000000000002eb0       0x18 zephyr/arch/arch/arm/core/aarch32/mpu/libarch__arm__core__aarch32__mpu.a(arm_core_mpu.c.obj)
                0x0000000000002eb0                z_arm_configure_static_mpu_regions
 .text.z_arm_configure_dynamic_mpu_regions
                0x0000000000002ec8       0x20 zephyr/arch/arch/arm/core/aarch32/mpu/libarch__arm__core__aarch32__mpu.a(arm_core_mpu.c.obj)
                0x0000000000002ec8                z_arm_configure_dynamic_mpu_regions
 .text.mpu_configure_regions
                0x0000000000002ee8       0xcc zephyr/arch/arch/arm/core/aarch32/mpu/libarch__arm__core__aarch32__mpu.a(arm_mpu.c.obj)
 .text.arm_core_mpu_enable
                0x0000000000002fb4       0x18 zephyr/arch/arch/arm/core/aarch32/mpu/libarch__arm__core__aarch32__mpu.a(arm_mpu.c.obj)
                0x0000000000002fb4                arm_core_mpu_enable
 .text.arm_core_mpu_disable
                0x0000000000002fcc       0x14 zephyr/arch/arch/arm/core/aarch32/mpu/libarch__arm__core__aarch32__mpu.a(arm_mpu.c.obj)
                0x0000000000002fcc                arm_core_mpu_disable
 .text.arm_core_mpu_configure_static_mpu_regions
                0x0000000000002fe0       0x14 zephyr/arch/arch/arm/core/aarch32/mpu/libarch__arm__core__aarch32__mpu.a(arm_mpu.c.obj)
                0x0000000000002fe0                arm_core_mpu_configure_static_mpu_regions
 .text.arm_core_mpu_configure_dynamic_mpu_regions
                0x0000000000002ff4       0x30 zephyr/arch/arch/arm/core/aarch32/mpu/libarch__arm__core__aarch32__mpu.a(arm_mpu.c.obj)
                0x0000000000002ff4                arm_core_mpu_configure_dynamic_mpu_regions
 .text.z_arm_mpu_init
                0x0000000000003024       0x60 zephyr/arch/arch/arm/core/aarch32/mpu/libarch__arm__core__aarch32__mpu.a(arm_mpu.c.obj)
                0x0000000000003024                z_arm_mpu_init
 .text.__stdout_hook_install
                0x0000000000003084        0xc zephyr/lib/libc/minimal/liblib__libc__minimal.a(stdout_console.c.obj)
                0x0000000000003084                __stdout_hook_install
 .text.z_impl_zephyr_fputc
                0x0000000000003090       0x18 zephyr/lib/libc/minimal/liblib__libc__minimal.a(stdout_console.c.obj)
                0x0000000000003090                z_impl_zephyr_fputc
 .text.printf   0x00000000000030a8       0x28 zephyr/lib/libc/minimal/liblib__libc__minimal.a(fprintf.c.obj)
                0x00000000000030a8                printf
 .text.nordicsemi_nrf52_init
                0x00000000000030d0       0x30 zephyr/soc/arm/nordic_nrf/nrf52/libsoc__arm__nordic_nrf__nrf52.a(soc.c.obj)
 .text.sys_arch_reboot
                0x0000000000003100       0x2c zephyr/soc/arm/nordic_nrf/nrf52/libsoc__arm__nordic_nrf__nrf52.a(soc.c.obj)
                0x0000000000003100                sys_arch_reboot
 .text.arch_busy_wait
                0x000000000000312c       0x14 zephyr/soc/arm/nordic_nrf/nrf52/libsoc__arm__nordic_nrf__nrf52.a(soc.c.obj)
                0x000000000000312c                arch_busy_wait
 .text.onoff_stop
                0x0000000000003140       0x30 zephyr/drivers/clock_control/libdrivers__clock_control.a(clock_control_nrf.c.obj)
 .text.onoff_start
                0x0000000000003170       0x44 zephyr/drivers/clock_control/libdrivers__clock_control.a(clock_control_nrf.c.obj)
 .text.generic_hfclk_stop
                0x00000000000031b4       0x34 zephyr/drivers/clock_control/libdrivers__clock_control.a(clock_control_nrf.c.obj)
 .text.clk_init
                0x00000000000031e8       0x58 zephyr/drivers/clock_control/libdrivers__clock_control.a(clock_control_nrf.c.obj)
 .text.clkstarted_handle.constprop.0
                0x0000000000003240       0x34 zephyr/drivers/clock_control/libdrivers__clock_control.a(clock_control_nrf.c.obj)
 .text.clock_event_handler
                0x0000000000003274       0x1c zephyr/drivers/clock_control/libdrivers__clock_control.a(clock_control_nrf.c.obj)
 .text.generic_hfclk_start
                0x0000000000003290       0x64 zephyr/drivers/clock_control/libdrivers__clock_control.a(clock_control_nrf.c.obj)
 .text.api_blocking_start
                0x00000000000032f4       0x34 zephyr/drivers/clock_control/libdrivers__clock_control.a(clock_control_nrf.c.obj)
 .text.lfclk_start
                0x0000000000003328       0x24 zephyr/drivers/clock_control/libdrivers__clock_control.a(clock_control_nrf.c.obj)
 .text.z_nrf_clock_control_lf_on
                0x000000000000334c       0xfc zephyr/drivers/clock_control/libdrivers__clock_control.a(clock_control_nrf.c.obj)
                0x000000000000334c                z_nrf_clock_control_lf_on
 .text.uart_console_init
                0x0000000000003448       0x28 zephyr/drivers/console/libdrivers__console.a(uart_console.c.obj)
 .text.console_out
                0x0000000000003470       0x28 zephyr/drivers/console/libdrivers__console.a(uart_console.c.obj)
 .text.gpio_nrfx_pin_interrupt_configure
                0x0000000000003498       0xc8 zephyr/drivers/gpio/libdrivers__gpio.a(gpio_nrfx.c.obj)
 .text.gpio_nrfx_init
                0x0000000000003560       0x38 zephyr/drivers/gpio/libdrivers__gpio.a(gpio_nrfx.c.obj)
 .text.nrfx_gpio_handler
                0x0000000000003598       0x3c zephyr/drivers/gpio/libdrivers__gpio.a(gpio_nrfx.c.obj)
 .text.gpio_nrfx_pin_configure
                0x00000000000035d4      0x128 zephyr/drivers/gpio/libdrivers__gpio.a(gpio_nrfx.c.obj)
 .text.uarte_nrfx_tx
                0x00000000000036fc       0xb4 zephyr/drivers/serial/libdrivers__serial.a(uart_nrfx_uarte.c.obj)
 .text.uarte_nrfx_configure
                0x00000000000037b0      0x15c zephyr/drivers/serial/libdrivers__serial.a(uart_nrfx_uarte.c.obj)
 .text.uarte_0_init
                0x000000000000390c      0x1b4 zephyr/drivers/serial/libdrivers__serial.a(uart_nrfx_uarte.c.obj)
 .text.uarte_nrfx_poll_out
                0x0000000000003ac0       0xc0 zephyr/drivers/serial/libdrivers__serial.a(uart_nrfx_uarte.c.obj)
 .text.uarte_nrfx_isr_async
                0x0000000000003b80      0x370 zephyr/drivers/serial/libdrivers__serial.a(uart_nrfx_uarte.c.obj)
 .text.compare_int_lock
                0x0000000000003ef0       0x48 zephyr/drivers/timer/libdrivers__timer.a(nrf_rtc_timer.c.obj)
 .text.sys_clock_timeout_handler
                0x0000000000003f38       0x48 zephyr/drivers/timer/libdrivers__timer.a(nrf_rtc_timer.c.obj)
 .text.compare_int_unlock
                0x0000000000003f80       0x5c zephyr/drivers/timer/libdrivers__timer.a(nrf_rtc_timer.c.obj)
 .text.z_nrf_rtc_timer_read
                0x0000000000003fdc       0x44 zephyr/drivers/timer/libdrivers__timer.a(nrf_rtc_timer.c.obj)
                0x0000000000003fdc                z_nrf_rtc_timer_read
 .text.compare_set
                0x0000000000004020      0x11c zephyr/drivers/timer/libdrivers__timer.a(nrf_rtc_timer.c.obj)
 .text.sys_clock_driver_init
                0x000000000000413c       0x8c zephyr/drivers/timer/libdrivers__timer.a(nrf_rtc_timer.c.obj)
 .text.rtc_nrf_isr
                0x00000000000041c8       0xd4 zephyr/drivers/timer/libdrivers__timer.a(nrf_rtc_timer.c.obj)
                0x00000000000041c8                rtc_nrf_isr
 .text.sys_clock_set_timeout
                0x000000000000429c       0x64 zephyr/drivers/timer/libdrivers__timer.a(nrf_rtc_timer.c.obj)
                0x000000000000429c                sys_clock_set_timeout
 .text.sys_clock_elapsed
                0x0000000000004300       0x14 zephyr/drivers/timer/libdrivers__timer.a(nrf_rtc_timer.c.obj)
                0x0000000000004300                sys_clock_elapsed
 .text.k_sys_fatal_error_handler
                0x0000000000004314       0x2c modules/nrf/lib/fatal_error/lib..__nrf__lib__fatal_error.a(fatal_error.c.obj)
                0x0000000000004314                k_sys_fatal_error_handler
 .text.nrf52_errata_16
                0x0000000000004340       0x28 modules/hal_nordic/nrfx/libmodules__hal_nordic__nrfx.a(system_nrf52.c.obj)
 .text.nvmc_wait
                0x0000000000004368       0x10 modules/hal_nordic/nrfx/libmodules__hal_nordic__nrfx.a(system_nrf52.c.obj)
                0x0000000000004368                nvmc_wait
 .text.SystemInit
                0x0000000000004378      0x278 modules/hal_nordic/nrfx/libmodules__hal_nordic__nrfx.a(system_nrf52.c.obj)
                0x0000000000004378                SystemInit
 .text.nrfx_flag32_alloc
                0x00000000000045f0       0x40 modules/hal_nordic/nrfx/libmodules__hal_nordic__nrfx.a(nrfx_flag32_allocator.c.obj)
                0x00000000000045f0                nrfx_flag32_alloc
 .text.nrfx_flag32_free
                0x0000000000004630       0x40 modules/hal_nordic/nrfx/libmodules__hal_nordic__nrfx.a(nrfx_flag32_allocator.c.obj)
                0x0000000000004630                nrfx_flag32_free
 .text.clock_stop
                0x0000000000004670       0xc8 modules/hal_nordic/nrfx/libmodules__hal_nordic__nrfx.a(nrfx_clock.c.obj)
 .text.nrfx_clock_init
                0x0000000000004738       0x20 modules/hal_nordic/nrfx/libmodules__hal_nordic__nrfx.a(nrfx_clock.c.obj)
                0x0000000000004738                nrfx_clock_init
 .text.nrfx_clock_start
                0x0000000000004758       0xb0 modules/hal_nordic/nrfx/libmodules__hal_nordic__nrfx.a(nrfx_clock.c.obj)
                0x0000000000004758                nrfx_clock_start
 .text.nrfx_power_clock_irq_handler
                0x0000000000004808       0x68 modules/hal_nordic/nrfx/libmodules__hal_nordic__nrfx.a(nrfx_clock.c.obj)
                0x0000000000004808                nrfx_power_clock_irq_handler
 .text.pin_in_use_by_te
                0x0000000000004870       0x14 modules/hal_nordic/nrfx/libmodules__hal_nordic__nrfx.a(nrfx_gpiote.c.obj)
 .text.call_handler
                0x0000000000004884       0x3c modules/hal_nordic/nrfx/libmodules__hal_nordic__nrfx.a(nrfx_gpiote.c.obj)
 .text.release_handler
                0x00000000000048c0       0x54 modules/hal_nordic/nrfx/libmodules__hal_nordic__nrfx.a(nrfx_gpiote.c.obj)
 .text.pin_handler_trigger_uninit
                0x0000000000004914       0x38 modules/hal_nordic/nrfx/libmodules__hal_nordic__nrfx.a(nrfx_gpiote.c.obj)
 .text.nrfx_gpiote_input_configure
                0x000000000000494c      0x15c modules/hal_nordic/nrfx/libmodules__hal_nordic__nrfx.a(nrfx_gpiote.c.obj)
                0x000000000000494c                nrfx_gpiote_input_configure
 .text.nrfx_gpiote_output_configure
                0x0000000000004aa8       0xfc modules/hal_nordic/nrfx/libmodules__hal_nordic__nrfx.a(nrfx_gpiote.c.obj)
                0x0000000000004aa8                nrfx_gpiote_output_configure
 .text.nrfx_gpiote_global_callback_set
                0x0000000000004ba4        0xc modules/hal_nordic/nrfx/libmodules__hal_nordic__nrfx.a(nrfx_gpiote.c.obj)
                0x0000000000004ba4                nrfx_gpiote_global_callback_set
 .text.nrfx_gpiote_channel_get
                0x0000000000004bb0       0x2c modules/hal_nordic/nrfx/libmodules__hal_nordic__nrfx.a(nrfx_gpiote.c.obj)
                0x0000000000004bb0                nrfx_gpiote_channel_get
 .text.nrfx_gpiote_init
                0x0000000000004bdc       0x50 modules/hal_nordic/nrfx/libmodules__hal_nordic__nrfx.a(nrfx_gpiote.c.obj)
                0x0000000000004bdc                nrfx_gpiote_init
 .text.nrfx_gpiote_is_init
                0x0000000000004c2c       0x14 modules/hal_nordic/nrfx/libmodules__hal_nordic__nrfx.a(nrfx_gpiote.c.obj)
                0x0000000000004c2c                nrfx_gpiote_is_init
 .text.nrfx_gpiote_channel_free
                0x0000000000004c40        0xc modules/hal_nordic/nrfx/libmodules__hal_nordic__nrfx.a(nrfx_gpiote.c.obj)
                0x0000000000004c40                nrfx_gpiote_channel_free
 .text.nrfx_gpiote_channel_alloc
                0x0000000000004c4c        0xc modules/hal_nordic/nrfx/libmodules__hal_nordic__nrfx.a(nrfx_gpiote.c.obj)
                0x0000000000004c4c                nrfx_gpiote_channel_alloc
 .text.nrfx_gpiote_trigger_enable
                0x0000000000004c58       0x88 modules/hal_nordic/nrfx/libmodules__hal_nordic__nrfx.a(nrfx_gpiote.c.obj)
                0x0000000000004c58                nrfx_gpiote_trigger_enable
 .text.nrfx_gpiote_trigger_disable
                0x0000000000004ce0       0x50 modules/hal_nordic/nrfx/libmodules__hal_nordic__nrfx.a(nrfx_gpiote.c.obj)
                0x0000000000004ce0                nrfx_gpiote_trigger_disable
 .text.nrfx_gpiote_pin_uninit
                0x0000000000004d30       0x44 modules/hal_nordic/nrfx/libmodules__hal_nordic__nrfx.a(nrfx_gpiote.c.obj)
                0x0000000000004d30                nrfx_gpiote_pin_uninit
 .text.nrfx_gpiote_irq_handler
                0x0000000000004d74      0x154 modules/hal_nordic/nrfx/libmodules__hal_nordic__nrfx.a(nrfx_gpiote.c.obj)
                0x0000000000004d74                nrfx_gpiote_irq_handler
 .text.nrfx_ppi_channel_alloc
                0x0000000000004ec8        0xc modules/hal_nordic/nrfx/libmodules__hal_nordic__nrfx.a(nrfx_ppi.c.obj)
                0x0000000000004ec8                nrfx_ppi_channel_alloc
 .text._DoInit  0x0000000000004ed4       0x60 modules/segger/libmodules__segger.a(SEGGER_RTT.c.obj)
 .text.SEGGER_RTT_WriteSkipNoLock
                0x0000000000004f34       0x90 modules/segger/libmodules__segger.a(SEGGER_RTT.c.obj)
                0x0000000000004f34                SEGGER_RTT_WriteSkipNoLock
 .text.SEGGER_RTT_HasDataUp
                0x0000000000004fc4       0x14 modules/segger/libmodules__segger.a(SEGGER_RTT.c.obj)
                0x0000000000004fc4                SEGGER_RTT_HasDataUp
 .text.zephyr_rtt_mutex_lock
                0x0000000000004fd8       0x14 modules/segger/libmodules__segger.a(SEGGER_RTT_zephyr.c.obj)
                0x0000000000004fd8                zephyr_rtt_mutex_lock
 .text.zephyr_rtt_mutex_unlock
                0x0000000000004fec        0xc modules/segger/libmodules__segger.a(SEGGER_RTT_zephyr.c.obj)
                0x0000000000004fec                zephyr_rtt_mutex_unlock
 .text.z_fatal_error
                0x0000000000004ff8       0xfc zephyr/kernel/libkernel.a(fatal.c.obj)
                0x0000000000004ff8                z_fatal_error
 .text.z_sys_init_run_level
                0x00000000000050f4       0x48 zephyr/kernel/libkernel.a(init.c.obj)
 .text.bg_thread_main
                0x000000000000513c       0x34 zephyr/kernel/libkernel.a(init.c.obj)
 .text.z_bss_zero
                0x0000000000005170       0x18 zephyr/kernel/libkernel.a(init.c.obj)
                0x0000000000005170                z_bss_zero
 .text.z_init_cpu
                0x0000000000005188       0x70 zephyr/kernel/libkernel.a(init.c.obj)
                0x0000000000005188                z_init_cpu
 .text.z_cstart
                0x00000000000051f8       0xe0 zephyr/kernel/libkernel.a(init.c.obj)
                0x00000000000051f8                z_cstart
 .text.z_setup_new_thread
                0x00000000000052d8       0x64 zephyr/kernel/libkernel.a(thread.c.obj)
                0x00000000000052d8                z_setup_new_thread
 .text.z_impl_k_thread_create
                0x000000000000533c       0x58 zephyr/kernel/libkernel.a(thread.c.obj)
                0x000000000000533c                z_impl_k_thread_create
 .text.z_init_static_threads
                0x0000000000005394       0xb8 zephyr/kernel/libkernel.a(thread.c.obj)
                0x0000000000005394                z_init_static_threads
 .text.idle     0x000000000000544c       0x38 zephyr/kernel/libkernel.a(idle.c.obj)
                0x000000000000544c                idle
 .text.z_impl_k_mutex_lock
                0x0000000000005484       0xf4 zephyr/kernel/libkernel.a(mutex.c.obj)
                0x0000000000005484                z_impl_k_mutex_lock
 .text.z_impl_k_mutex_unlock
                0x0000000000005578       0x78 zephyr/kernel/libkernel.a(mutex.c.obj)
                0x0000000000005578                z_impl_k_mutex_unlock
 .text.z_impl_k_sem_give
                0x00000000000055f0       0x40 zephyr/kernel/libkernel.a(sem.c.obj)
                0x00000000000055f0                z_impl_k_sem_give
 .text.z_impl_k_sem_take
                0x0000000000005630       0x50 zephyr/kernel/libkernel.a(sem.c.obj)
                0x0000000000005630                z_impl_k_sem_take
 .text.sliceable
                0x0000000000005680       0x3c zephyr/kernel/libkernel.a(sched.c.obj)
 .text.slice_timeout
                0x00000000000056bc       0x20 zephyr/kernel/libkernel.a(sched.c.obj)
 .text.z_reset_time_slice
                0x00000000000056dc       0x50 zephyr/kernel/libkernel.a(sched.c.obj)
                0x00000000000056dc                z_reset_time_slice
 .text.update_cache
                0x000000000000572c       0x3c zephyr/kernel/libkernel.a(sched.c.obj)
 .text.move_thread_to_end_of_prio_q
                0x0000000000005768       0x74 zephyr/kernel/libkernel.a(sched.c.obj)
 .text.ready_thread
                0x00000000000057dc       0x68 zephyr/kernel/libkernel.a(sched.c.obj)
 .text.unready_thread
                0x0000000000005844       0x30 zephyr/kernel/libkernel.a(sched.c.obj)
 .text.pend_locked
                0x0000000000005874       0x30 zephyr/kernel/libkernel.a(sched.c.obj)
 .text.z_time_slice
                0x00000000000058a4       0x60 zephyr/kernel/libkernel.a(sched.c.obj)
                0x00000000000058a4                z_time_slice
 .text.z_pend_curr
                0x0000000000005904       0x3c zephyr/kernel/libkernel.a(sched.c.obj)
                0x0000000000005904                z_pend_curr
 .text.z_set_prio
                0x0000000000005940       0x8c zephyr/kernel/libkernel.a(sched.c.obj)
                0x0000000000005940                z_set_prio
 .text.z_reschedule
                0x00000000000059cc       0x24 zephyr/kernel/libkernel.a(sched.c.obj)
                0x00000000000059cc                z_reschedule
 .text.z_sched_start
                0x00000000000059f0       0x3c zephyr/kernel/libkernel.a(sched.c.obj)
                0x00000000000059f0                z_sched_start
 .text.z_impl_k_thread_suspend
                0x0000000000005a2c       0x64 zephyr/kernel/libkernel.a(sched.c.obj)
                0x0000000000005a2c                z_impl_k_thread_suspend
 .text.k_sched_lock
                0x0000000000005a90       0x28 zephyr/kernel/libkernel.a(sched.c.obj)
                0x0000000000005a90                k_sched_lock
 .text.k_sched_unlock
                0x0000000000005ab8       0x38 zephyr/kernel/libkernel.a(sched.c.obj)
                0x0000000000005ab8                k_sched_unlock
 .text.z_sched_init
                0x0000000000005af0       0x10 zephyr/kernel/libkernel.a(sched.c.obj)
                0x0000000000005af0                z_sched_init
 .text.z_impl_k_yield
                0x0000000000005b00       0x7c zephyr/kernel/libkernel.a(sched.c.obj)
                0x0000000000005b00                z_impl_k_yield
 .text.z_tick_sleep
                0x0000000000005b7c       0x88 zephyr/kernel/libkernel.a(sched.c.obj)
 .text.z_impl_k_sleep
                0x0000000000005c04       0x34 zephyr/kernel/libkernel.a(sched.c.obj)
                0x0000000000005c04                z_impl_k_sleep
 .text.z_impl_z_current_get
                0x0000000000005c38        0xc zephyr/kernel/libkernel.a(sched.c.obj)
                0x0000000000005c38                z_impl_z_current_get
 .text.z_thread_abort
                0x0000000000005c44       0xc0 zephyr/kernel/libkernel.a(sched.c.obj)
                0x0000000000005c44                z_thread_abort
 .text.z_data_copy
                0x0000000000005d04       0x34 zephyr/kernel/libkernel.a(xip.c.obj)
                0x0000000000005d04                z_data_copy
 .text.elapsed  0x0000000000005d38       0x14 zephyr/kernel/libkernel.a(timeout.c.obj)
 .text.next_timeout
                0x0000000000005d4c       0x40 zephyr/kernel/libkernel.a(timeout.c.obj)
 .text.remove_timeout
                0x0000000000005d8c       0x38 zephyr/kernel/libkernel.a(timeout.c.obj)
 .text.z_add_timeout
                0x0000000000005dc4       0xec zephyr/kernel/libkernel.a(timeout.c.obj)
                0x0000000000005dc4                z_add_timeout
 .text.sys_clock_announce
                0x0000000000005eb0       0xd4 zephyr/kernel/libkernel.a(timeout.c.obj)
                0x0000000000005eb0                sys_clock_announce
 .text.sys_clock_tick_get
                0x0000000000005f84       0x34 zephyr/kernel/libkernel.a(timeout.c.obj)
                0x0000000000005f84                sys_clock_tick_get
 .text.z_timer_expiration_handler
                0x0000000000005fb8       0xe4 zephyr/kernel/libkernel.a(timer.c.obj)
                0x0000000000005fb8                z_timer_expiration_handler
 .text.z_impl_k_timer_start
                0x000000000000609c       0x60 zephyr/kernel/libkernel.a(timer.c.obj)
                0x000000000000609c                z_impl_k_timer_start
 .text.boot_banner
                0x00000000000060fc        0xc zephyr/kernel/libkernel.a(banner.c.obj)
                0x00000000000060fc                boot_banner
 .text.cbpprintf_external
                0x0000000000006108       0x62 zephyr/libzephyr.a(cbprintf_packaged.c.obj)
                0x0000000000006108                cbpprintf_external
 .text.is_ptr   0x000000000000616a       0x4a zephyr/libzephyr.a(cbprintf_packaged.c.obj)
                0x000000000000616a                is_ptr
 .text.arch_printk_char_out
                0x00000000000061b4        0x4 zephyr/libzephyr.a(printk.c.obj)
                0x00000000000061b4                arch_printk_char_out
 .text.str_out  0x00000000000061b8       0x26 zephyr/libzephyr.a(printk.c.obj)
 .text.printk   0x00000000000061de       0x1a zephyr/libzephyr.a(printk.c.obj)
                0x00000000000061de                printk
 .text.snprintk
                0x00000000000061f8       0x1a zephyr/libzephyr.a(printk.c.obj)
                0x00000000000061f8                snprintk
 .text.z_thread_entry
                0x0000000000006212       0x14 zephyr/libzephyr.a(thread_entry.c.obj)
                0x0000000000006212                z_thread_entry
 .text.process_recheck
                0x0000000000006226       0x38 zephyr/libzephyr.a(onoff.c.obj)
 .text.validate_args
                0x000000000000625e       0x20 zephyr/libzephyr.a(onoff.c.obj)
 .text.notify_one
                0x000000000000627e       0x2c zephyr/libzephyr.a(onoff.c.obj)
 .text.transition_complete
                0x00000000000062aa       0x1c zephyr/libzephyr.a(onoff.c.obj)
 .text.onoff_manager_init
                0x00000000000062c6       0x26 zephyr/libzephyr.a(onoff.c.obj)
                0x00000000000062c6                onoff_manager_init
 .text.onoff_request
                0x00000000000062ec       0xb0 zephyr/libzephyr.a(onoff.c.obj)
                0x00000000000062ec                onoff_request
 .text.sys_notify_validate
                0x000000000000639c       0x22 zephyr/libzephyr.a(notify.c.obj)
                0x000000000000639c                sys_notify_validate
 .text.sys_notify_finalize
                0x00000000000063be       0x1a zephyr/libzephyr.a(notify.c.obj)
                0x00000000000063be                sys_notify_finalize
 .text.encode_uint
                0x00000000000063d8       0x8c zephyr/libzephyr.a(cbprintf_complete.c.obj)
 .text.outs     0x0000000000006464       0x2e zephyr/libzephyr.a(cbprintf_complete.c.obj)
 .text.free_space
                0x0000000000006492       0x26 zephyr/libzephyr.a(mpsc_pbuf.c.obj)
 .text.get_usage
                0x00000000000064b8       0x22 zephyr/libzephyr.a(mpsc_pbuf.c.obj)
 .text.idx_inc  0x00000000000064da       0x1c zephyr/libzephyr.a(mpsc_pbuf.c.obj)
 .text.rd_idx_inc
                0x00000000000064f6       0x18 zephyr/libzephyr.a(mpsc_pbuf.c.obj)
 .text.add_skip_item
                0x000000000000650e       0x3a zephyr/libzephyr.a(mpsc_pbuf.c.obj)
 .text.drop_item_locked
                0x0000000000006548       0xee zephyr/libzephyr.a(mpsc_pbuf.c.obj)
 .text.post_drop_action
                0x0000000000006636       0x36 zephyr/libzephyr.a(mpsc_pbuf.c.obj)
 .text.max_utilization_update
                0x000000000000666c       0x1a zephyr/libzephyr.a(mpsc_pbuf.c.obj)
 .text.mpsc_pbuf_init
                0x0000000000006686       0x42 zephyr/libzephyr.a(mpsc_pbuf.c.obj)
                0x0000000000006686                mpsc_pbuf_init
 .text.mpsc_pbuf_alloc
                0x00000000000066c8       0xfc zephyr/libzephyr.a(mpsc_pbuf.c.obj)
                0x00000000000066c8                mpsc_pbuf_alloc
 .text.mpsc_pbuf_commit
                0x00000000000067c4       0x40 zephyr/libzephyr.a(mpsc_pbuf.c.obj)
                0x00000000000067c4                mpsc_pbuf_commit
 .text.mpsc_pbuf_claim
                0x0000000000006804       0xa4 zephyr/libzephyr.a(mpsc_pbuf.c.obj)
                0x0000000000006804                mpsc_pbuf_claim
 .text.mpsc_pbuf_free
                0x00000000000068a8       0x78 zephyr/libzephyr.a(mpsc_pbuf.c.obj)
                0x00000000000068a8                mpsc_pbuf_free
 .text.mpsc_pbuf_is_pending
                0x0000000000006920       0x1a zephyr/libzephyr.a(mpsc_pbuf.c.obj)
                0x0000000000006920                mpsc_pbuf_is_pending
 .text._ConfigAbsSyms
                0x000000000000693a        0x2 zephyr/libzephyr.a(configs.c.obj)
                0x000000000000693a                _ConfigAbsSyms
 .text.log_msg_generic_get_wlen
                0x000000000000693c       0x20 zephyr/libzephyr.a(log_core.c.obj)
 .text.dummy_timestamp
                0x000000000000695c        0x4 zephyr/libzephyr.a(log_core.c.obj)
 .text.default_get_timestamp
                0x0000000000006960        0x4 zephyr/libzephyr.a(log_core.c.obj)
 .text.atomic_inc
                0x0000000000006964       0x1a zephyr/libzephyr.a(log_core.c.obj)
 .text.z_log_vprintk
                0x000000000000697e       0x1c zephyr/libzephyr.a(log_core.c.obj)
                0x000000000000697e                z_log_vprintk
 .text.z_log_notify_drop
                0x000000000000699a        0x6 zephyr/libzephyr.a(log_core.c.obj)
 .text.z_log_get_tag
                0x00000000000069a0        0x4 zephyr/libzephyr.a(log_core.c.obj)
                0x00000000000069a0                z_log_get_tag
 .text.z_cbprintf_cpy
                0x00000000000069a4       0x2c zephyr/libzephyr.a(log_msg.c.obj)
 .text.z_log_msg_finalize
                0x00000000000069d0       0x32 zephyr/libzephyr.a(log_msg.c.obj)
                0x00000000000069d0                z_log_msg_finalize
 .text.buffer_write
                0x0000000000006a02       0x1a zephyr/libzephyr.a(log_output.c.obj)
 .text.cbvprintf
                0x0000000000006a1c        0xe zephyr/libzephyr.a(log_output.c.obj)
 .text.log_output_flush
                0x0000000000006a2a       0x1a zephyr/libzephyr.a(log_output.c.obj)
                0x0000000000006a2a                log_output_flush
 .text.out_func
                0x0000000000006a44       0x36 zephyr/libzephyr.a(log_output.c.obj)
 .text.cr_out_func
                0x0000000000006a7a       0x1c zephyr/libzephyr.a(log_output.c.obj)
 .text.log_backend_uart_init
                0x0000000000006a96        0x2 zephyr/libzephyr.a(log_backend_uart.c.obj)
 .text.z_do_kernel_oops
                0x0000000000006a98        0x8 zephyr/arch/arch/arm/core/aarch32/libarch__arm__core__aarch32.a(fatal.c.obj)
                0x0000000000006a98                z_do_kernel_oops
 .text.z_irq_spurious
                0x0000000000006aa0        0x8 zephyr/arch/arch/arm/core/aarch32/libarch__arm__core__aarch32.a(irq_manage.c.obj)
                0x0000000000006aa0                z_irq_spurious
 .text.z_arm_nmi
                0x0000000000006aa8        0xe zephyr/arch/arch/arm/core/aarch32/libarch__arm__core__aarch32.a(nmi.c.obj)
                0x0000000000006aa8                z_arm_nmi
 .text.z_log_msg_static_create.constprop.0
                0x0000000000006ab6        0x6 zephyr/arch/arch/arm/core/aarch32/cortex_m/libarch__arm__core__aarch32__cortex_m.a(fault.c.obj)
 .text.strcpy   0x0000000000006abc       0x14 zephyr/lib/libc/minimal/liblib__libc__minimal.a(string.c.obj)
                0x0000000000006abc                strcpy
 .text.strlen   0x0000000000006ad0        0xe zephyr/lib/libc/minimal/liblib__libc__minimal.a(string.c.obj)
                0x0000000000006ad0                strlen
 .text.strnlen  0x0000000000006ade       0x12 zephyr/lib/libc/minimal/liblib__libc__minimal.a(string.c.obj)
                0x0000000000006ade                strnlen
 .text.memcpy   0x0000000000006af0       0x16 zephyr/lib/libc/minimal/liblib__libc__minimal.a(string.c.obj)
                0x0000000000006af0                memcpy
 .text.memset   0x0000000000006b06       0x12 zephyr/lib/libc/minimal/liblib__libc__minimal.a(string.c.obj)
                0x0000000000006b06                memset
 .text._stdout_hook_default
                0x0000000000006b18        0x6 zephyr/lib/libc/minimal/liblib__libc__minimal.a(stdout_console.c.obj)
 .text.fputc    0x0000000000006b1e        0x4 zephyr/lib/libc/minimal/liblib__libc__minimal.a(stdout_console.c.obj)
                0x0000000000006b1e                fputc
 .text.pm_state_set
                0x0000000000006b22       0x18 zephyr/soc/arm/nordic_nrf/nrf52/libsoc__arm__nordic_nrf__nrf52.a(power.c.obj)
                0x0000000000006b22                pm_state_set
 .text.pm_state_exit_post_ops
                0x0000000000006b3a        0xc zephyr/soc/arm/nordic_nrf/nrf52/libsoc__arm__nordic_nrf__nrf52.a(power.c.obj)
                0x0000000000006b3a                pm_state_exit_post_ops
 .text.get_status
                0x0000000000006b46       0x12 zephyr/drivers/clock_control/libdrivers__clock_control.a(clock_control_nrf.c.obj)
 .text.set_on_state
                0x0000000000006b58       0x26 zephyr/drivers/clock_control/libdrivers__clock_control.a(clock_control_nrf.c.obj)
 .text.stop     0x0000000000006b7e       0x52 zephyr/drivers/clock_control/libdrivers__clock_control.a(clock_control_nrf.c.obj)
 .text.api_stop
                0x0000000000006bd0        0x6 zephyr/drivers/clock_control/libdrivers__clock_control.a(clock_control_nrf.c.obj)
 .text.async_start
                0x0000000000006bd6       0x5c zephyr/drivers/clock_control/libdrivers__clock_control.a(clock_control_nrf.c.obj)
 .text.api_start
                0x0000000000006c32        0xe zephyr/drivers/clock_control/libdrivers__clock_control.a(clock_control_nrf.c.obj)
 .text.onoff_started_callback
                0x0000000000006c40       0x12 zephyr/drivers/clock_control/libdrivers__clock_control.a(clock_control_nrf.c.obj)
 .text.lfclk_stop
                0x0000000000006c52        0x6 zephyr/drivers/clock_control/libdrivers__clock_control.a(clock_control_nrf.c.obj)
 .text.blocking_start_callback
                0x0000000000006c58        0x6 zephyr/drivers/clock_control/libdrivers__clock_control.a(clock_control_nrf.c.obj)
 .text.gpio_nrfx_port_get_raw
                0x0000000000006c5e        0xe zephyr/drivers/gpio/libdrivers__gpio.a(gpio_nrfx.c.obj)
 .text.gpio_nrfx_port_set_masked_raw
                0x0000000000006c6c       0x18 zephyr/drivers/gpio/libdrivers__gpio.a(gpio_nrfx.c.obj)
 .text.gpio_nrfx_port_set_bits_raw
                0x0000000000006c84        0xc zephyr/drivers/gpio/libdrivers__gpio.a(gpio_nrfx.c.obj)
 .text.gpio_nrfx_port_clear_bits_raw
                0x0000000000006c90        0xc zephyr/drivers/gpio/libdrivers__gpio.a(gpio_nrfx.c.obj)
 .text.gpio_nrfx_port_toggle_bits
                0x0000000000006c9c       0x1a zephyr/drivers/gpio/libdrivers__gpio.a(gpio_nrfx.c.obj)
 .text.gpio_nrfx_manage_callback
                0x0000000000006cb6       0x52 zephyr/drivers/gpio/libdrivers__gpio.a(gpio_nrfx.c.obj)
 .text.pinctrl_lookup_state
                0x0000000000006d08       0x26 zephyr/drivers/pinctrl/libdrivers__pinctrl.a(common.c.obj)
                0x0000000000006d08                pinctrl_lookup_state
 .text.pinctrl_configure_pins
                0x0000000000006d2e      0x10e zephyr/drivers/pinctrl/libdrivers__pinctrl.a(pinctrl_nrf.c.obj)
                0x0000000000006d2e                pinctrl_configure_pins
 .text.uarte_nrfx_config_get
                0x0000000000006e3c       0x10 zephyr/drivers/serial/libdrivers__serial.a(uart_nrfx_uarte.c.obj)
 .text.uarte_nrfx_err_check
                0x0000000000006e4c        0xe zephyr/drivers/serial/libdrivers__serial.a(uart_nrfx_uarte.c.obj)
 .text.tx_start
                0x0000000000006e5a       0x50 zephyr/drivers/serial/libdrivers__serial.a(uart_nrfx_uarte.c.obj)
 .text.user_callback
                0x0000000000006eaa        0xe zephyr/drivers/serial/libdrivers__serial.a(uart_nrfx_uarte.c.obj)
 .text.notify_uart_rx_rdy
                0x0000000000006eb8       0x32 zephyr/drivers/serial/libdrivers__serial.a(uart_nrfx_uarte.c.obj)
 .text.rx_buf_release
                0x0000000000006eea       0x30 zephyr/drivers/serial/libdrivers__serial.a(uart_nrfx_uarte.c.obj)
 .text.notify_rx_disable
                0x0000000000006f1a       0x22 zephyr/drivers/serial/libdrivers__serial.a(uart_nrfx_uarte.c.obj)
 .text.uarte_nrfx_rx_buf_rsp
                0x0000000000006f3c       0x52 zephyr/drivers/serial/libdrivers__serial.a(uart_nrfx_uarte.c.obj)
 .text.uarte_nrfx_callback_set
                0x0000000000006f8e       0x16 zephyr/drivers/serial/libdrivers__serial.a(uart_nrfx_uarte.c.obj)
 .text.uarte_nrfx_poll_in
                0x0000000000006fa4       0x32 zephyr/drivers/serial/libdrivers__serial.a(uart_nrfx_uarte.c.obj)
 .text.uarte_nrfx_rx_disable
                0x0000000000006fd6       0x4a zephyr/drivers/serial/libdrivers__serial.a(uart_nrfx_uarte.c.obj)
 .text.setup_tx_cache
                0x0000000000007020       0x30 zephyr/drivers/serial/libdrivers__serial.a(uart_nrfx_uarte.c.obj)
 .text.rx_flush.isra.0
                0x0000000000007050       0x68 zephyr/drivers/serial/libdrivers__serial.a(uart_nrfx_uarte.c.obj)
 .text.async_uart_release
                0x00000000000070b8       0x54 zephyr/drivers/serial/libdrivers__serial.a(uart_nrfx_uarte.c.obj)
 .text.is_tx_ready.isra.0
                0x000000000000710c       0x20 zephyr/drivers/serial/libdrivers__serial.a(uart_nrfx_uarte.c.obj)
 .text.start_tx_locked
                0x000000000000712c       0x36 zephyr/drivers/serial/libdrivers__serial.a(uart_nrfx_uarte.c.obj)
 .text.uarte_nrfx_rx_enable
                0x0000000000007162      0x11e zephyr/drivers/serial/libdrivers__serial.a(uart_nrfx_uarte.c.obj)
 .text.rx_timeout
                0x0000000000007280       0xa6 zephyr/drivers/serial/libdrivers__serial.a(uart_nrfx_uarte.c.obj)
 .text.uarte_nrfx_tx_abort
                0x0000000000007326       0x2a zephyr/drivers/serial/libdrivers__serial.a(uart_nrfx_uarte.c.obj)
 .text.tx_timeout
                0x0000000000007350        0x8 zephyr/drivers/serial/libdrivers__serial.a(uart_nrfx_uarte.c.obj)
 .text.sys_clock_idle_exit
                0x0000000000007358        0x2 zephyr/drivers/timer/libdrivers__timer.a(sys_clock_init.c.obj)
                0x0000000000007358                sys_clock_idle_exit
 .text.event_clear
                0x000000000000735a       0x18 zephyr/drivers/timer/libdrivers__timer.a(nrf_rtc_timer.c.obj)
 .text.sys_clock_cycle_get_32
                0x0000000000007372        0x8 zephyr/drivers/timer/libdrivers__timer.a(nrf_rtc_timer.c.obj)
                0x0000000000007372                sys_clock_cycle_get_32
 .text.nrf52_errata_12
                0x000000000000737a       0x1c modules/hal_nordic/nrfx/libmodules__hal_nordic__nrfx.a(system_nrf52.c.obj)
 .text.nrfx_isr
                0x0000000000007396        0x2 modules/hal_nordic/nrfx/libmodules__hal_nordic__nrfx.a(nrfx_glue.c.obj)
                0x0000000000007396                nrfx_isr
 .text.nrfx_busy_wait
                0x0000000000007398        0x4 modules/hal_nordic/nrfx/libmodules__hal_nordic__nrfx.a(nrfx_glue.c.obj)
                0x0000000000007398                nrfx_busy_wait
 .text.nrfx_clock_enable
                0x000000000000739c       0x1a modules/hal_nordic/nrfx/libmodules__hal_nordic__nrfx.a(nrfx_clock.c.obj)
                0x000000000000739c                nrfx_clock_enable
 .text.nrfx_clock_stop
                0x00000000000073b6        0x4 modules/hal_nordic/nrfx/libmodules__hal_nordic__nrfx.a(nrfx_clock.c.obj)
                0x00000000000073b6                nrfx_clock_stop
 .text.nrf_gpio_cfg_sense_set
                0x00000000000073ba       0x1c modules/hal_nordic/nrfx/libmodules__hal_nordic__nrfx.a(nrfx_gpiote.c.obj)
 .text.SEGGER_RTT_Init
                0x00000000000073d6        0x4 modules/segger/libmodules__segger.a(SEGGER_RTT.c.obj)
                0x00000000000073d6                SEGGER_RTT_Init
 .text.rtt_init
                0x00000000000073da        0xa modules/segger/libmodules__segger.a(SEGGER_RTT_zephyr.c.obj)
 .text.z_device_state_init
                0x00000000000073e4        0x2 zephyr/kernel/libkernel.a(device.c.obj)
                0x00000000000073e4                z_device_state_init
 .text.z_device_is_ready
                0x00000000000073e6       0x16 zephyr/kernel/libkernel.a(device.c.obj)
                0x00000000000073e6                z_device_is_ready
 .text.z_early_memset
                0x00000000000073fc        0x4 zephyr/kernel/libkernel.a(init.c.obj)
                0x00000000000073fc                z_early_memset
 .text.z_early_memcpy
                0x0000000000007400        0x4 zephyr/kernel/libkernel.a(init.c.obj)
                0x0000000000007400                z_early_memcpy
 .text.k_is_in_isr
                0x0000000000007404        0xc zephyr/kernel/libkernel.a(thread.c.obj)
                0x0000000000007404                k_is_in_isr
 .text.z_impl_k_thread_name_set
                0x0000000000007410        0x6 zephyr/kernel/libkernel.a(thread.c.obj)
                0x0000000000007410                z_impl_k_thread_name_set
 .text.k_thread_name_get
                0x0000000000007416        0x4 zephyr/kernel/libkernel.a(thread.c.obj)
                0x0000000000007416                k_thread_name_get
 .text.z_pm_save_idle_exit
                0x000000000000741a        0xe zephyr/kernel/libkernel.a(idle.c.obj)
                0x000000000000741a                z_pm_save_idle_exit
 .text.adjust_owner_prio.isra.0
                0x0000000000007428       0x10 zephyr/kernel/libkernel.a(mutex.c.obj)
 .text.z_impl_k_sem_init
                0x0000000000007438       0x18 zephyr/kernel/libkernel.a(sem.c.obj)
                0x0000000000007438                z_impl_k_sem_init
 .text.sys_dlist_remove
                0x0000000000007450       0x10 zephyr/kernel/libkernel.a(sched.c.obj)
 .text.unpend_thread_no_timeout
                0x0000000000007460       0x14 zephyr/kernel/libkernel.a(sched.c.obj)
 .text.add_to_waitq_locked
                0x0000000000007474       0x50 zephyr/kernel/libkernel.a(sched.c.obj)
 .text.z_ready_thread
                0x00000000000074c4       0x20 zephyr/kernel/libkernel.a(sched.c.obj)
                0x00000000000074c4                z_ready_thread
 .text.z_unpend_thread_no_timeout
                0x00000000000074e4       0x24 zephyr/kernel/libkernel.a(sched.c.obj)
                0x00000000000074e4                z_unpend_thread_no_timeout
 .text.z_sched_wake_thread
                0x0000000000007508       0x44 zephyr/kernel/libkernel.a(sched.c.obj)
                0x0000000000007508                z_sched_wake_thread
 .text.z_thread_timeout
                0x000000000000754c        0x8 zephyr/kernel/libkernel.a(sched.c.obj)
                0x000000000000754c                z_thread_timeout
 .text.z_unpend1_no_timeout
                0x0000000000007554       0x2e zephyr/kernel/libkernel.a(sched.c.obj)
                0x0000000000007554                z_unpend1_no_timeout
 .text.z_unpend_first_thread
                0x0000000000007582       0x38 zephyr/kernel/libkernel.a(sched.c.obj)
                0x0000000000007582                z_unpend_first_thread
 .text.z_reschedule_irqlock
                0x00000000000075ba       0x18 zephyr/kernel/libkernel.a(sched.c.obj)
                0x00000000000075ba                z_reschedule_irqlock
 .text.z_reschedule_unlocked
                0x00000000000075d2       0x14 zephyr/kernel/libkernel.a(sched.c.obj)
 .text.z_abort_timeout
                0x00000000000075e6       0x2c zephyr/kernel/libkernel.a(timeout.c.obj)
                0x00000000000075e6                z_abort_timeout
 .text.z_get_next_timeout_expiry
                0x0000000000007612       0x20 zephyr/kernel/libkernel.a(timeout.c.obj)
                0x0000000000007612                z_get_next_timeout_expiry
 .text.sys_clock_tick_get_32
                0x0000000000007632        0x8 zephyr/kernel/libkernel.a(timeout.c.obj)
                0x0000000000007632                sys_clock_tick_get_32
 .text.z_impl_k_uptime_ticks
                0x000000000000763a        0x4 zephyr/kernel/libkernel.a(timeout.c.obj)
                0x000000000000763a                z_impl_k_uptime_ticks
 .text.z_impl_k_busy_wait
                0x000000000000763e        0x8 zephyr/kernel/libkernel.a(timeout.c.obj)
                0x000000000000763e                z_impl_k_busy_wait
 .text.k_timer_init
                0x0000000000007646       0x18 zephyr/kernel/libkernel.a(timer.c.obj)
                0x0000000000007646                k_timer_init
 .text.z_impl_k_timer_stop
                0x000000000000765e       0x3a zephyr/kernel/libkernel.a(timer.c.obj)
                0x000000000000765e                z_impl_k_timer_stop
 .text._OffsetAbsSyms
                0x0000000000007698        0x2 zephyr/CMakeFiles/offsets.dir/./arch/arm/core/offsets/offsets.c.obj
                0x0000000000007698                _OffsetAbsSyms
 *(SORT_BY_ALIGNMENT(.TEXT.*))
 *(SORT_BY_ALIGNMENT(.gnu.linkonce.t.*))
 *(SORT_BY_ALIGNMENT(.glue_7t))
 .glue_7t       0x000000000000769a        0x0 linker stubs
 *(SORT_BY_ALIGNMENT(.glue_7))
 .glue_7        0x000000000000769a        0x0 linker stubs
 *(SORT_BY_ALIGNMENT(.vfp11_veneer))
 .vfp11_veneer  0x000000000000769a        0x0 linker stubs
 *(SORT_BY_ALIGNMENT(.v4_bx))
 .v4_bx         0x000000000000769a        0x0 linker stubs
                0x000000000000769c                . = ALIGN (0x4)
 *fill*         0x000000000000769a        0x2 
                0x000000000000769c                __text_region_end = .

.ARM.exidx      0x000000000000769c        0x8
                0x000000000000769c                __exidx_start = .
 *(SORT_BY_ALIGNMENT(.ARM.exidx*) SORT_BY_ALIGNMENT(gnu.linkonce.armexidx.*))
 .ARM.exidx     0x000000000000769c        0x8 c:/ncs/toolchains/31f4403e35/opt/zephyr-sdk/arm-zephyr-eabi/bin/../lib/gcc/arm-zephyr-eabi/12.2.0/thumb/v7e-m/nofp\libgcc.a(_udivmoddi4.o)
                0x00000000000076a4                __exidx_end = .
                0x00000000000076a4                __rodata_region_start = .

initlevel       0x00000000000076a4       0x40
                0x00000000000076a4                __init_start = .
                0x00000000000076a4                __init_EARLY_start = .
 *(SORT_BY_NAME(SORT_BY_ALIGNMENT(.z_init_EARLY[0-9]_*)))
 *(SORT_BY_NAME(SORT_BY_ALIGNMENT(.z_init_EARLY[1-9][0-9]_*)))
                0x00000000000076a4                __init_PRE_KERNEL_1_start = .
 *(SORT_BY_NAME(SORT_BY_ALIGNMENT(.z_init_PRE_KERNEL_1[0-9]_*)))
 .z_init_PRE_KERNEL_10_
                0x00000000000076a4        0x8 zephyr/soc/arm/nordic_nrf/nrf52/libsoc__arm__nordic_nrf__nrf52.a(soc.c.obj)
 *(SORT_BY_NAME(SORT_BY_ALIGNMENT(.z_init_PRE_KERNEL_1[1-9][0-9]_*)))
 .z_init_PRE_KERNEL_130_
                0x00000000000076ac        0x8 zephyr/drivers/clock_control/libdrivers__clock_control.a(clock_control_nrf.c.obj)
 .z_init_PRE_KERNEL_130_
                0x00000000000076b4        0x8 modules/segger/libmodules__segger.a(SEGGER_RTT_zephyr.c.obj)
 .z_init_PRE_KERNEL_140_
                0x00000000000076bc        0x8 zephyr/drivers/gpio/libdrivers__gpio.a(gpio_nrfx.c.obj)
 .z_init_PRE_KERNEL_155_
                0x00000000000076c4        0x8 zephyr/drivers/serial/libdrivers__serial.a(uart_nrfx_uarte.c.obj)
 .z_init_PRE_KERNEL_160_
                0x00000000000076cc        0x8 zephyr/drivers/console/libdrivers__console.a(uart_console.c.obj)
                0x00000000000076d4                __init_PRE_KERNEL_2_start = .
 *(SORT_BY_NAME(SORT_BY_ALIGNMENT(.z_init_PRE_KERNEL_2[0-9]_*)))
 .z_init_PRE_KERNEL_20_
                0x00000000000076d4        0x8 zephyr/drivers/timer/libdrivers__timer.a(nrf_rtc_timer.c.obj)
 *(SORT_BY_NAME(SORT_BY_ALIGNMENT(.z_init_PRE_KERNEL_2[1-9][0-9]_*)))
                0x00000000000076dc                __init_POST_KERNEL_start = .
 *(SORT_BY_NAME(SORT_BY_ALIGNMENT(.z_init_POST_KERNEL[0-9]_*)))
 .z_init_POST_KERNEL0_
                0x00000000000076dc        0x8 zephyr/libzephyr.a(log_core.c.obj)
 *(SORT_BY_NAME(SORT_BY_ALIGNMENT(.z_init_POST_KERNEL[1-9][0-9]_*)))
                0x00000000000076e4                __init_APPLICATION_start = .
 *(SORT_BY_NAME(SORT_BY_ALIGNMENT(.z_init_APPLICATION[0-9]_*)))
 *(SORT_BY_NAME(SORT_BY_ALIGNMENT(.z_init_APPLICATION[1-9][0-9]_*)))
                0x00000000000076e4                __init_SMP_start = .
 *(SORT_BY_NAME(SORT_BY_ALIGNMENT(.z_init_SMP[0-9]_*)))
 *(SORT_BY_NAME(SORT_BY_ALIGNMENT(.z_init_SMP[1-9][0-9]_*)))
                0x00000000000076e4                __init_end = .

devices         0x00000000000076e4       0x48
                0x00000000000076e4                __device_start = .
                0x00000000000076e4                __device_EARLY_start = .
 *(SORT_BY_NAME(SORT_BY_ALIGNMENT(.z_device_EARLY[0-9]_*)))
 *(SORT_BY_NAME(SORT_BY_ALIGNMENT(.z_device_EARLY[1-9][0-9]_*)))
                0x00000000000076e4                __device_PRE_KERNEL_1_start = .
 *(SORT_BY_NAME(SORT_BY_ALIGNMENT(.z_device_PRE_KERNEL_1[0-9]_*)))
 *(SORT_BY_NAME(SORT_BY_ALIGNMENT(.z_device_PRE_KERNEL_1[1-9][0-9]_*)))
 .z_device_PRE_KERNEL_130_
                0x00000000000076e4       0x18 zephyr/drivers/clock_control/libdrivers__clock_control.a(clock_control_nrf.c.obj)
                0x00000000000076e4                __device_dts_ord_59
 .z_device_PRE_KERNEL_140_
                0x00000000000076fc       0x18 zephyr/drivers/gpio/libdrivers__gpio.a(gpio_nrfx.c.obj)
                0x00000000000076fc                __device_dts_ord_11
 .z_device_PRE_KERNEL_155_
                0x0000000000007714       0x18 zephyr/drivers/serial/libdrivers__serial.a(uart_nrfx_uarte.c.obj)
                0x0000000000007714                __device_dts_ord_95
                0x000000000000772c                __device_PRE_KERNEL_2_start = .
 *(SORT_BY_NAME(SORT_BY_ALIGNMENT(.z_device_PRE_KERNEL_2[0-9]_*)))
 *(SORT_BY_NAME(SORT_BY_ALIGNMENT(.z_device_PRE_KERNEL_2[1-9][0-9]_*)))
                0x000000000000772c                __device_POST_KERNEL_start = .
 *(SORT_BY_NAME(SORT_BY_ALIGNMENT(.z_device_POST_KERNEL[0-9]_*)))
 *(SORT_BY_NAME(SORT_BY_ALIGNMENT(.z_device_POST_KERNEL[1-9][0-9]_*)))
                0x000000000000772c                __device_APPLICATION_start = .
 *(SORT_BY_NAME(SORT_BY_ALIGNMENT(.z_device_APPLICATION[0-9]_*)))
 *(SORT_BY_NAME(SORT_BY_ALIGNMENT(.z_device_APPLICATION[1-9][0-9]_*)))
                0x000000000000772c                __device_SMP_start = .
 *(SORT_BY_NAME(SORT_BY_ALIGNMENT(.z_device_SMP[0-9]_*)))
 *(SORT_BY_NAME(SORT_BY_ALIGNMENT(.z_device_SMP[1-9][0-9]_*)))
                0x000000000000772c                __device_end = .

sw_isr_table    0x000000000000772c      0x138
                0x000000000000772c                . = ALIGN (0x4)
 *(SORT_BY_ALIGNMENT(.gnu.linkonce.sw_isr_table*))
 .gnu.linkonce.sw_isr_table
                0x000000000000772c      0x138 zephyr/CMakeFiles/zephyr_final.dir/isr_tables.c.obj
                0x000000000000772c                _sw_isr_table

initlevel_error
                0x00000000000076a4        0x0
 *(SORT_BY_NAME(SORT_BY_ALIGNMENT(.z_init_[_A-Z0-9]*)))
                0x0000000000000001                ASSERT ((SIZEOF (initlevel_error) == 0x0), Undefined initialization levels used.)

app_shmem_regions
                0x0000000000007864        0x0
                0x0000000000007864                __app_shmem_regions_start = .
 *(SORT_BY_NAME(SORT_BY_ALIGNMENT(.app_regions.*)))
                0x0000000000007864                __app_shmem_regions_end = .

k_p4wq_initparam_area
                0x0000000000007864        0x0
                0x0000000000007864                _k_p4wq_initparam_list_start = .
 *(SORT_BY_NAME(SORT_BY_ALIGNMENT(._k_p4wq_initparam.static.*)))
                0x0000000000007864                _k_p4wq_initparam_list_end = .

_static_thread_data_area
                0x0000000000007864        0x0
                0x0000000000007864                __static_thread_data_list_start = .
 *(SORT_BY_NAME(SORT_BY_ALIGNMENT(.__static_thread_data.static.*)))
                0x0000000000007864                __static_thread_data_list_end = .

device_handles  0x0000000000007864       0x12
                0x0000000000007864                __device_handles_start = .
 *(SORT_BY_NAME(SORT_BY_ALIGNMENT(.__device_handles_pass2*)))
 .__device_handles_pass2
                0x0000000000007864       0x12 zephyr/CMakeFiles/zephyr_final.dir/dev_handles.c.obj
                0x0000000000007864                __devicehdl_dts_ord_95
                0x000000000000786a                __devicehdl_dts_ord_11
                0x0000000000007870                __devicehdl_dts_ord_59
                0x0000000000007876                __device_handles_end = .

ztest           0x0000000000007876        0x0
                0x0000000000007876                _ztest_expected_result_entry_list_start = .
 *(SORT_BY_NAME(SORT_BY_ALIGNMENT(._ztest_expected_result_entry.static.*)))
                0x0000000000007876                _ztest_expected_result_entry_list_end = .
                0x0000000000007876                _ztest_suite_node_list_start = .
 *(SORT_BY_NAME(SORT_BY_ALIGNMENT(._ztest_suite_node.static.*)))
                0x0000000000007876                _ztest_suite_node_list_end = .
                0x0000000000007876                _ztest_unit_test_list_start = .
 *(SORT_BY_NAME(SORT_BY_ALIGNMENT(._ztest_unit_test.static.*)))
                0x0000000000007876                _ztest_unit_test_list_end = .
                0x0000000000007876                _ztest_test_rule_list_start = .
 *(SORT_BY_NAME(SORT_BY_ALIGNMENT(._ztest_test_rule.static.*)))
                0x0000000000007876                _ztest_test_rule_list_end = .

bt_l2cap_fixed_chan_area
                0x0000000000007876        0x0
                0x0000000000007876                _bt_l2cap_fixed_chan_list_start = .
 *(SORT_BY_NAME(SORT_BY_ALIGNMENT(._bt_l2cap_fixed_chan.static.*)))
                0x0000000000007876                _bt_l2cap_fixed_chan_list_end = .

bt_gatt_service_static_area
                0x0000000000007876        0x0
                0x0000000000007876                _bt_gatt_service_static_list_start = .
 *(SORT_BY_NAME(SORT_BY_ALIGNMENT(._bt_gatt_service_static.static.*)))
                0x0000000000007876                _bt_gatt_service_static_list_end = .

log_strings_sections
                0x0000000000007876        0x0
                0x0000000000007876                __log_strings_start = .
 *(SORT_BY_NAME(SORT_BY_ALIGNMENT(.log_strings*)))
                0x0000000000007876                __log_strings_end = .

log_const_sections
                0x0000000000007878       0x78
                0x0000000000007878                __log_const_start = .
 *(SORT_BY_NAME(SORT_BY_ALIGNMENT(.log_const_*)))
 .log_const_NRFX_CLOCK
                0x0000000000007878        0x8 modules/hal_nordic/nrfx/libmodules__hal_nordic__nrfx.a(nrfx_clock.c.obj)
                0x0000000000007878                log_const_NRFX_CLOCK
 .log_const_NRFX_GPIOTE
                0x0000000000007880        0x8 modules/hal_nordic/nrfx/libmodules__hal_nordic__nrfx.a(nrfx_gpiote.c.obj)
                0x0000000000007880                log_const_NRFX_GPIOTE
 .log_const_NRFX_PPI
                0x0000000000007888        0x8 modules/hal_nordic/nrfx/libmodules__hal_nordic__nrfx.a(nrfx_ppi.c.obj)
                0x0000000000007888                log_const_NRFX_PPI
 .log_const_cbprintf_package
                0x0000000000007890        0x8 zephyr/libzephyr.a(cbprintf_packaged.c.obj)
                0x0000000000007890                log_const_cbprintf_package
 .log_const_clock_control
                0x0000000000007898        0x8 zephyr/drivers/clock_control/libdrivers__clock_control.a(clock_control_nrf.c.obj)
                0x0000000000007898                log_const_clock_control
 .log_const_fatal_error
                0x00000000000078a0        0x8 modules/nrf/lib/fatal_error/lib..__nrf__lib__fatal_error.a(fatal_error.c.obj)
                0x00000000000078a0                log_const_fatal_error
 .log_const_log
                0x00000000000078a8        0x8 zephyr/libzephyr.a(log_core.c.obj)
                0x00000000000078a8                log_const_log
 .log_const_log_mgmt
                0x00000000000078b0        0x8 zephyr/libzephyr.a(log_mgmt.c.obj)
                0x00000000000078b0                log_const_log_mgmt
 .log_const_log_uart
                0x00000000000078b8        0x8 zephyr/libzephyr.a(log_backend_uart.c.obj)
                0x00000000000078b8                log_const_log_uart
 .log_const_mpu
                0x00000000000078c0        0x8 zephyr/arch/arch/arm/core/aarch32/mpu/libarch__arm__core__aarch32__mpu.a(arm_core_mpu.c.obj)
                0x00000000000078c0                log_const_mpu
 .log_const_nrf52_learning
                0x00000000000078c8        0x8 app/libapp.a(main.c.obj)
                0x00000000000078c8                log_const_nrf52_learning
 .log_const_os  0x00000000000078d0        0x8 zephyr/kernel/libkernel.a(init.c.obj)
                0x00000000000078d0                log_const_os
 .log_const_pm  0x00000000000078d8        0x8 zephyr/libzephyr.a(pm.c.obj)
                0x00000000000078d8                log_const_pm
 .log_const_soc
                0x00000000000078e0        0x8 zephyr/soc/arm/nordic_nrf/nrf52/libsoc__arm__nordic_nrf__nrf52.a(soc.c.obj)
                0x00000000000078e0                log_const_soc
 .log_const_uart_nrfx_uarte
                0x00000000000078e8        0x8 zephyr/drivers/serial/libdrivers__serial.a(uart_nrfx_uarte.c.obj)
                0x00000000000078e8                log_const_uart_nrfx_uarte
                0x00000000000078f0                __log_const_end = .

log_backend_area
                0x00000000000078f0       0x20
                0x00000000000078f0                _log_backend_list_start = .
 *(SORT_BY_NAME(SORT_BY_ALIGNMENT(._log_backend.static.*)))
 ._log_backend.static.log_backend_rtt
                0x00000000000078f0       0x10 zephyr/libzephyr.a(log_backend_rtt.c.obj)
 ._log_backend.static.log_backend_uart
                0x0000000000007900       0x10 zephyr/libzephyr.a(log_backend_uart.c.obj)
                0x0000000000007910                _log_backend_list_end = .

log_link_area   0x0000000000007910        0x0
                0x0000000000007910                _log_link_list_start = .
 *(SORT_BY_NAME(SORT_BY_ALIGNMENT(._log_link.static.*)))
                0x0000000000007910                _log_link_list_end = .

tracing_backend_area
                0x0000000000007910        0x0
                0x0000000000007910                _tracing_backend_list_start = .
 *(SORT_BY_NAME(SORT_BY_ALIGNMENT(._tracing_backend.static.*)))
                0x0000000000007910                _tracing_backend_list_end = .

zephyr_dbg_info
 *(SORT_BY_ALIGNMENT(.dbg_thread_info))

symbol_to_keep  0x0000000000007910        0x0
                0x0000000000007910                __symbol_to_keep_start = .
 *(SORT_BY_NAME(SORT_BY_ALIGNMENT(.symbol_to_keep*)))
                0x0000000000007910                __symbol_to_keep_end = .

shell_area      0x0000000000007910        0x0
                0x0000000000007910                _shell_list_start = .
 *(SORT_BY_NAME(SORT_BY_ALIGNMENT(._shell.static.*)))
                0x0000000000007910                _shell_list_end = .

shell_root_cmds_sections
                0x0000000000007910        0x0
                0x0000000000007910                __shell_root_cmds_start = .
 *(SORT_BY_NAME(SORT_BY_ALIGNMENT(.shell_root_cmd_*)))
                0x0000000000007910                __shell_root_cmds_end = .

shell_subcmds_sections
                0x0000000000007910        0x0
                0x0000000000007910                __shell_subcmds_start = .
 *(SORT_BY_NAME(SORT_BY_ALIGNMENT(.shell_subcmd_*)))
                0x0000000000007910                __shell_subcmds_end = .

shell_dynamic_subcmds_sections
                0x0000000000007910        0x0
                0x0000000000007910                __shell_dynamic_subcmds_start = .
 *(SORT_BY_NAME(SORT_BY_ALIGNMENT(.shell_dynamic_subcmd_*)))
                0x0000000000007910                __shell_dynamic_subcmds_end = .

font_entry_sections
                0x0000000000007910        0x0
                0x0000000000007910                __font_entry_start = .
 *(SORT_BY_NAME(SORT_BY_ALIGNMENT(._cfb_font.*)))
                0x0000000000007910                __font_entry_end = .

rodata          0x0000000000007910      0xa3c
 *(SORT_BY_ALIGNMENT(.rodata))
 *(SORT_BY_ALIGNMENT(.rodata.*))
 .rodata.delay_machine_code.0
                0x0000000000007910        0x6 zephyr/soc/arm/nordic_nrf/nrf52/libsoc__arm__nordic_nrf__nrf52.a(soc.c.obj)
 *fill*         0x0000000000007916        0x2 
 .rodata.mpsc_config
                0x0000000000007918       0x14 zephyr/libzephyr.a(log_core.c.obj)
 .rodata.format_table
                0x000000000000792c       0x10 zephyr/libzephyr.a(log_core.c.obj)
 .rodata.colors
                0x000000000000793c       0x14 zephyr/libzephyr.a(log_output.c.obj)
 .rodata.severity
                0x0000000000007950       0x14 zephyr/libzephyr.a(log_output.c.obj)
 .rodata.log_backend_rtt_api
                0x0000000000007964       0x1c zephyr/libzephyr.a(log_backend_rtt.c.obj)
                0x0000000000007964                log_backend_rtt_api
 .rodata.log_output_rtt
                0x0000000000007980       0x10 zephyr/libzephyr.a(log_backend_rtt.c.obj)
 .rodata.log_backend_uart_api
                0x0000000000007990       0x1c zephyr/libzephyr.a(log_backend_uart.c.obj)
                0x0000000000007990                log_backend_uart_api
 .rodata.log_output_uart
                0x00000000000079ac       0x10 zephyr/libzephyr.a(log_backend_uart.c.obj)
 .rodata.pmstates_DT_N_S_cpus_S_cpu_0
                0x00000000000079bc        0x0 zephyr/libzephyr.a(state.c.obj)
 .rodata.static_regions
                0x00000000000079bc        0xc zephyr/arch/arch/arm/core/aarch32/mpu/libarch__arm__core__aarch32__mpu.a(arm_core_mpu.c.obj)
 .rodata.mpu_config
                0x00000000000079c8        0x8 zephyr/soc/arm/common/cortex_m/libsoc__arm__common__cortex_m.a(arm_mpu_regions.c.obj)
                0x00000000000079c8                mpu_config
 .rodata.mpu_regions
                0x00000000000079d0       0x18 zephyr/soc/arm/common/cortex_m/libsoc__arm__common__cortex_m.a(arm_mpu_regions.c.obj)
 .rodata.transitions.0
                0x00000000000079e8        0xc zephyr/drivers/clock_control/libdrivers__clock_control.a(clock_control_nrf.c.obj)
 .rodata.config
                0x00000000000079f4       0x18 zephyr/drivers/clock_control/libdrivers__clock_control.a(clock_control_nrf.c.obj)
 .rodata.clock_control_api
                0x0000000000007a0c       0x1c zephyr/drivers/clock_control/libdrivers__clock_control.a(clock_control_nrf.c.obj)
 .rodata.gpio_nrfx_p0_cfg
                0x0000000000007a28       0x10 zephyr/drivers/gpio/libdrivers__gpio.a(gpio_nrfx.c.obj)
 .rodata.gpio_nrfx_drv_api_funcs
                0x0000000000007a38       0x24 zephyr/drivers/gpio/libdrivers__gpio.a(gpio_nrfx.c.obj)
 .rodata.uarte_0z_config
                0x0000000000007a5c       0x18 zephyr/drivers/serial/libdrivers__serial.a(uart_nrfx_uarte.c.obj)
 .rodata.__pinctrl_dev_config__device_dts_ord_95
                0x0000000000007a74        0xc zephyr/drivers/serial/libdrivers__serial.a(uart_nrfx_uarte.c.obj)
 .rodata.__pinctrl_states__device_dts_ord_95
                0x0000000000007a80        0x8 zephyr/drivers/serial/libdrivers__serial.a(uart_nrfx_uarte.c.obj)
 .rodata.__pinctrl_state_pins_0__device_dts_ord_95
                0x0000000000007a88       0x10 zephyr/drivers/serial/libdrivers__serial.a(uart_nrfx_uarte.c.obj)
 .rodata.uart_nrfx_uarte_driver_api
                0x0000000000007a98       0x2c zephyr/drivers/serial/libdrivers__serial.a(uart_nrfx_uarte.c.obj)
 .rodata._k_neg_eagain
                0x0000000000007ac4        0x4 zephyr/kernel/libkernel.a(errno.c.obj)
                0x0000000000007ac4                _k_neg_eagain
 .rodata.CSWTCH.479
                0x0000000000007ac8       0x14 zephyr/kernel/libkernel.a(fatal.c.obj)
 .rodata.levels.0
                0x0000000000007adc       0x18 zephyr/kernel/libkernel.a(init.c.obj)
 .rodata.uart_cb.str1.1
                0x0000000000007af4       0x63 app/libapp.a(main.c.obj)
 .rodata.__func__.0
                0x0000000000007b57        0x8 app/libapp.a(main.c.obj)
 .rodata.str1.1
                0x0000000000007b5f        0xf app/libapp.a(main.c.obj)
 .rodata.cbprintf_package_convert.str1.1
                0x0000000000007b6e       0xa3 zephyr/libzephyr.a(cbprintf_packaged.c.obj)
 .rodata.str1.1
                0x0000000000007c11       0x11 zephyr/libzephyr.a(cbprintf_packaged.c.obj)
 .rodata.z_cbvprintf_impl.str1.1
                0x0000000000007c22        0x6 zephyr/libzephyr.a(cbprintf_complete.c.obj)
 .rodata.enable_logger.str1.1
                0x0000000000007c28        0x8 zephyr/libzephyr.a(log_core.c.obj)
 .rodata.str1.1
                0x0000000000007c30        0x4 zephyr/libzephyr.a(log_core.c.obj)
 .rodata.str1.1
                0x0000000000007c34        0x9 zephyr/libzephyr.a(log_mgmt.c.obj)
 .rodata.z_impl_z_log_msg_static_create.str1.1
                0x0000000000007c3d       0x3f zephyr/libzephyr.a(log_msg.c.obj)
 .rodata.newline_print.str1.1
                0x0000000000007c7c        0x3 zephyr/libzephyr.a(log_output.c.obj)
                                          0x5 (size before relaxing)
 .rodata.log_output_process.str1.1
                0x0000000000007c7f       0x4c zephyr/libzephyr.a(log_output.c.obj)
                                         0x51 (size before relaxing)
 .rodata.log_output_dropped_process.str1.1
                0x0000000000007ccb       0x4c zephyr/libzephyr.a(log_output.c.obj)
                                          0x3 (size before relaxing)
 .rodata.postfix.0
                0x0000000000007ccb       0x1c zephyr/libzephyr.a(log_output.c.obj)
 .rodata.prefix.1
                0x0000000000007ce7        0xc zephyr/libzephyr.a(log_output.c.obj)
 .rodata.str1.1
                0x0000000000007cf3       0x20 zephyr/libzephyr.a(log_output.c.obj)
 .rodata.str1.1
                0x0000000000007d13       0x10 zephyr/libzephyr.a(log_backend_rtt.c.obj)
 .rodata.str1.1
                0x0000000000007d23       0x1a zephyr/libzephyr.a(log_backend_uart.c.obj)
 .rodata.str1.1
                0x0000000000007d3d        0x3 zephyr/libzephyr.a(pm.c.obj)
 .rodata.z_arm_fatal_error.str1.1
                0x0000000000007d40       0x9b zephyr/arch/arch/arm/core/aarch32/libarch__arm__core__aarch32.a(fatal.c.obj)
 .rodata.bus_fault.constprop.0.str1.1
                0x0000000000007ddb       0xca zephyr/arch/arch/arm/core/aarch32/cortex_m/libarch__arm__core__aarch32__cortex_m.a(fault.c.obj)
 .rodata.usage_fault.constprop.0.str1.1
                0x0000000000007ea5       0xcd zephyr/arch/arch/arm/core/aarch32/cortex_m/libarch__arm__core__aarch32__cortex_m.a(fault.c.obj)
 .rodata.mem_manage_fault.str1.1
                0x0000000000007f72       0x96 zephyr/arch/arch/arm/core/aarch32/cortex_m/libarch__arm__core__aarch32__cortex_m.a(fault.c.obj)
 .rodata.z_arm_fault.str1.1
                0x0000000000008008      0x111 zephyr/arch/arch/arm/core/aarch32/cortex_m/libarch__arm__core__aarch32__cortex_m.a(fault.c.obj)
 .rodata.str1.1
                0x0000000000008119        0x4 zephyr/arch/arch/arm/core/aarch32/mpu/libarch__arm__core__aarch32__mpu.a(arm_core_mpu.c.obj)
 .rodata.mpu_configure_regions.str1.1
                0x000000000000811d       0x49 zephyr/arch/arch/arm/core/aarch32/mpu/libarch__arm__core__aarch32__mpu.a(arm_mpu.c.obj)
 .rodata.str1.1
                0x0000000000008166        0xf zephyr/soc/arm/common/cortex_m/libsoc__arm__common__cortex_m.a(arm_mpu_regions.c.obj)
 .rodata.str1.1
                0x0000000000008175        0x4 zephyr/soc/arm/nordic_nrf/nrf52/libsoc__arm__nordic_nrf__nrf52.a(soc.c.obj)
 .rodata.str1.1
                0x0000000000008179       0x29 zephyr/drivers/clock_control/libdrivers__clock_control.a(clock_control_nrf.c.obj)
 .rodata.str1.1
                0x00000000000081a2        0xe zephyr/drivers/gpio/libdrivers__gpio.a(gpio_nrfx.c.obj)
 .rodata.uarte_0_init.str1.1
                0x00000000000081b0       0x1f zephyr/drivers/serial/libdrivers__serial.a(uart_nrfx_uarte.c.obj)
 .rodata.str1.1
                0x00000000000081cf       0x1e zephyr/drivers/serial/libdrivers__serial.a(uart_nrfx_uarte.c.obj)
 .rodata.k_sys_fatal_error_handler.str1.1
                0x00000000000081ed       0x11 modules/nrf/lib/fatal_error/lib..__nrf__lib__fatal_error.a(fatal_error.c.obj)
 .rodata.str1.1
                0x00000000000081fe        0xc modules/nrf/lib/fatal_error/lib..__nrf__lib__fatal_error.a(fatal_error.c.obj)
 .rodata.CSWTCH.20
                0x000000000000820a        0x5 modules/hal_nordic/nrfx/libmodules__hal_nordic__nrfx.a(system_nrf52.c.obj)
 .rodata.CSWTCH.18
                0x000000000000820f        0x5 modules/hal_nordic/nrfx/libmodules__hal_nordic__nrfx.a(system_nrf52.c.obj)
 .rodata.CSWTCH.14
                0x0000000000008214        0x5 modules/hal_nordic/nrfx/libmodules__hal_nordic__nrfx.a(system_nrf52.c.obj)
 .rodata.CSWTCH.4
                0x0000000000008219        0x5 modules/hal_nordic/nrfx/libmodules__hal_nordic__nrfx.a(system_nrf52.c.obj)
 .rodata.str1.1
                0x000000000000821e        0xb modules/hal_nordic/nrfx/libmodules__hal_nordic__nrfx.a(nrfx_clock.c.obj)
 .rodata.str1.1
                0x0000000000008229        0xc modules/hal_nordic/nrfx/libmodules__hal_nordic__nrfx.a(nrfx_gpiote.c.obj)
 .rodata.str1.1
                0x0000000000008235        0x9 modules/hal_nordic/nrfx/libmodules__hal_nordic__nrfx.a(nrfx_ppi.c.obj)
 .rodata._DoInit.str1.1
                0x000000000000823e       0x14 modules/segger/libmodules__segger.a(SEGGER_RTT.c.obj)
 .rodata.z_fatal_error.str1.1
                0x0000000000008252       0x77 zephyr/kernel/libkernel.a(fatal.c.obj)
 .rodata.str1.1
                0x00000000000082c9       0x4a zephyr/kernel/libkernel.a(fatal.c.obj)
 .rodata.z_cstart.str1.1
                0x0000000000008313        0x5 zephyr/kernel/libkernel.a(init.c.obj)
 .rodata.str1.1
                0x0000000000008318        0x3 zephyr/kernel/libkernel.a(init.c.obj)
 .rodata.boot_banner.str1.1
                0x000000000000831b       0x2e zephyr/kernel/libkernel.a(banner.c.obj)
 *(SORT_BY_ALIGNMENT(.gnu.linkonce.r.*))
                0x000000000000834c                . = ALIGN (0x4)
 *fill*         0x0000000000008349        0x3 
                0x000000000000834c                __rodata_region_end = .
                0x0000000000008360                . = ALIGN (_region_min_align)
                0x0000000000010000                . = ALIGN ((0x1 << LOG2CEIL ((__rodata_region_end - ADDR (rom_start)))))
                0x0000000000010000                __rom_region_end = ((__rom_region_start + .) - ADDR (rom_start))

/DISCARD/
 *(SORT_BY_ALIGNMENT(.got.plt))
 *(SORT_BY_ALIGNMENT(.igot.plt))
 *(SORT_BY_ALIGNMENT(.got))
 *(SORT_BY_ALIGNMENT(.igot))
                0x0000000020000000                . = 0x20000000
                0x0000000020000000                . = ALIGN (_region_min_align)
                0x0000000020000000                _image_ram_start = .

.ramfunc        0x0000000020000000        0x0 load address 0x000000000000834c
                0x0000000020000000                . = ALIGN (_region_min_align)
                0x0000000020000000                . = ALIGN ((0x1 << LOG2CEIL (__ramfunc_size)))
                0x0000000020000000                __ramfunc_start = .
 *(SORT_BY_ALIGNMENT(.ramfunc))
 *(SORT_BY_ALIGNMENT(.ramfunc.*))
                0x0000000020000000                . = ALIGN (_region_min_align)
                0x0000000020000000                . = ALIGN ((0x1 << LOG2CEIL (__ramfunc_size)))
                0x0000000020000000                __ramfunc_end = .
                0x0000000000000000                __ramfunc_size = (__ramfunc_end - __ramfunc_start)
                0x000000000000834c                __ramfunc_load_start = LOADADDR (.ramfunc)

datas           0x0000000020000000      0x16c load address 0x000000000000834c
                0x0000000020000000                __data_region_start = .
                0x0000000020000000                __data_start = .
 *(SORT_BY_ALIGNMENT(.data))
 *(SORT_BY_ALIGNMENT(.data.*))
 .data.uarte0_async
                0x0000000020000000       0xd0 zephyr/drivers/serial/libdrivers__serial.a(uart_nrfx_uarte.c.obj)
                0x0000000020000000                uarte0_async
 .data.uart     0x00000000200000d0        0x4 app/libapp.a(main.c.obj)
                0x00000000200000d0                uart
 .data._char_out
                0x00000000200000d4        0x4 zephyr/libzephyr.a(printk.c.obj)
                0x00000000200000d4                _char_out
 .data.timestamp_func
                0x00000000200000d8        0x4 zephyr/libzephyr.a(log_core.c.obj)
 .data.max_latency_ticks
                0x00000000200000dc        0x4 zephyr/libzephyr.a(policy.c.obj)
 .data._stdout_hook
                0x00000000200000e0        0x4 zephyr/lib/libc/minimal/liblib__libc__minimal.a(stdout_console.c.obj)
 .data.uarte_0_data
                0x00000000200000e4       0x20 zephyr/drivers/serial/libdrivers__serial.a(uart_nrfx_uarte.c.obj)
 .data.m_cb     0x0000000020000104       0x5c modules/hal_nordic/nrfx/libmodules__hal_nordic__nrfx.a(nrfx_gpiote.c.obj)
 .data.m_channels_allocated
                0x0000000020000160        0x4 modules/hal_nordic/nrfx/libmodules__hal_nordic__nrfx.a(nrfx_ppi.c.obj)
 .data.timeout_list
                0x0000000020000164        0x8 zephyr/kernel/libkernel.a(timeout.c.obj)
 *(SORT_BY_ALIGNMENT(.kernel.*))
                0x000000002000016c                __data_end = .
                0x000000000000016c                __data_size = (__data_end - __data_start)
                0x000000000000834c                __data_load_start = LOADADDR (datas)
                0x000000000000834c                __data_region_load_start = LOADADDR (datas)

device_states   0x000000002000016c        0x6 load address 0x00000000000084b8
                0x000000002000016c                __device_states_start = .
 *(SORT_BY_ALIGNMENT(.z_devstate))
 .z_devstate    0x000000002000016c        0x2 zephyr/drivers/clock_control/libdrivers__clock_control.a(clock_control_nrf.c.obj)
 .z_devstate    0x000000002000016e        0x2 zephyr/drivers/gpio/libdrivers__gpio.a(gpio_nrfx.c.obj)
 .z_devstate    0x0000000020000170        0x2 zephyr/drivers/serial/libdrivers__serial.a(uart_nrfx_uarte.c.obj)
 *(SORT_BY_ALIGNMENT(.z_devstate.*))
                0x0000000020000172                __device_states_end = .

initshell       0x0000000020000172        0x0 load address 0x00000000000084be
                0x0000000020000172                __shell_module_start = .
 *(SORT_BY_ALIGNMENT(.shell_module_*))
                0x0000000020000172                __shell_module_end = .
                0x0000000020000172                __shell_cmd_start = .
 *(SORT_BY_ALIGNMENT(.shell_cmd_*))
                0x0000000020000172                __shell_cmd_end = .

log_mpsc_pbuf_area
                0x0000000020000174       0x38 load address 0x00000000000084c0
                0x0000000020000174                _log_mpsc_pbuf_list_start = .
 *(SORT_BY_NAME(SORT_BY_ALIGNMENT(._log_mpsc_pbuf.static.*)))
 ._log_mpsc_pbuf.static.log_buffer
                0x0000000020000174       0x38 zephyr/libzephyr.a(log_core.c.obj)
                0x00000000200001ac                _log_mpsc_pbuf_list_end = .

log_msg_ptr_area
                0x00000000200001ac        0x4 load address 0x00000000000084f8
                0x00000000200001ac                _log_msg_ptr_list_start = .
 *(SORT_BY_NAME(SORT_BY_ALIGNMENT(._log_msg_ptr.static.*)))
 ._log_msg_ptr.static.log_msg_ptr
                0x00000000200001ac        0x4 zephyr/libzephyr.a(log_core.c.obj)
                0x00000000200001b0                _log_msg_ptr_list_end = .

log_dynamic_sections
                0x00000000200001b0        0x0 load address 0x00000000000084fc
                0x00000000200001b0                __log_dynamic_start = .
 *(SORT_BY_NAME(SORT_BY_ALIGNMENT(.log_dynamic_*)))
                0x00000000200001b0                __log_dynamic_end = .

k_timer_area    0x00000000200001b0        0x0 load address 0x00000000000084fc
                0x00000000200001b0                _k_timer_list_start = .
 *(SORT_BY_NAME(SORT_BY_ALIGNMENT(._k_timer.static.*)))
                0x00000000200001b0                _k_timer_list_end = .

k_mem_slab_area
                0x00000000200001b0        0x0 load address 0x00000000000084fc
                0x00000000200001b0                _k_mem_slab_list_start = .
 *(SORT_BY_NAME(SORT_BY_ALIGNMENT(._k_mem_slab.static.*)))
                0x00000000200001b0                _k_mem_slab_list_end = .

k_heap_area     0x00000000200001b0        0x0 load address 0x00000000000084fc
                0x00000000200001b0                _k_heap_list_start = .
 *(SORT_BY_NAME(SORT_BY_ALIGNMENT(._k_heap.static.*)))
                0x00000000200001b0                _k_heap_list_end = .

k_mutex_area    0x00000000200001b0       0x14 load address 0x00000000000084fc
                0x00000000200001b0                _k_mutex_list_start = .
 *(SORT_BY_NAME(SORT_BY_ALIGNMENT(._k_mutex.static.*)))
 ._k_mutex.static.rtt_term_mutex
                0x00000000200001b0       0x14 modules/segger/libmodules__segger.a(SEGGER_RTT_zephyr.c.obj)
                0x00000000200001b0                rtt_term_mutex
                0x00000000200001c4                _k_mutex_list_end = .

k_stack_area    0x00000000200001c4        0x0 load address 0x0000000000008510
                0x00000000200001c4                _k_stack_list_start = .
 *(SORT_BY_NAME(SORT_BY_ALIGNMENT(._k_stack.static.*)))
                0x00000000200001c4                _k_stack_list_end = .

k_msgq_area     0x00000000200001c4        0x0 load address 0x0000000000008510
                0x00000000200001c4                _k_msgq_list_start = .
 *(SORT_BY_NAME(SORT_BY_ALIGNMENT(._k_msgq.static.*)))
                0x00000000200001c4                _k_msgq_list_end = .

k_mbox_area     0x00000000200001c4        0x0 load address 0x0000000000008510
                0x00000000200001c4                _k_mbox_list_start = .
 *(SORT_BY_NAME(SORT_BY_ALIGNMENT(._k_mbox.static.*)))
                0x00000000200001c4                _k_mbox_list_end = .

k_pipe_area     0x00000000200001c4        0x0 load address 0x0000000000008510
                0x00000000200001c4                _k_pipe_list_start = .
 *(SORT_BY_NAME(SORT_BY_ALIGNMENT(._k_pipe.static.*)))
                0x00000000200001c4                _k_pipe_list_end = .

k_sem_area      0x00000000200001c4       0x10 load address 0x0000000000008510
                0x00000000200001c4                _k_sem_list_start = .
 *(SORT_BY_NAME(SORT_BY_ALIGNMENT(._k_sem.static.*)))
 ._k_sem.static.log_process_thread_sem
                0x00000000200001c4       0x10 zephyr/libzephyr.a(log_core.c.obj)